Archive member included because of file (symbol)

C:\Users\Admin\Documents\Quectel\M66_OpenCPU_GS3_SDK_V2.4_Eclipse\libs\gcc\libapp_start.a(fileSys.o)
                              ./custom/fota/src/fota_ftp.o (Ql_FS_Open)
C:\Users\Admin\Documents\Quectel\M66_OpenCPU_GS3_SDK_V2.4_Eclipse\libs\gcc\libapp_start.a(fota.o)
                              ./custom/fota/src/fota_main.o (Ql_FOTA_Init)
C:\Users\Admin\Documents\Quectel\M66_OpenCPU_GS3_SDK_V2.4_Eclipse\libs\gcc\libapp_start.a(gpio.o)
                              ./custom/App/Relay_Control/RelayControl.o (Ql_GPIO_Init)
C:\Users\Admin\Documents\Quectel\M66_OpenCPU_GS3_SDK_V2.4_Eclipse\libs\gcc\libapp_start.a(gprs.o)
                              ./custom/fota/src/fota_main.o (Ql_GPRS_GetPDPContextId)
C:\Users\Admin\Documents\Quectel\M66_OpenCPU_GS3_SDK_V2.4_Eclipse\libs\gcc\libapp_start.a(iic.o)
                              ./example/nema_pro.o (Ql_IIC_Write)
C:\Users\Admin\Documents\Quectel\M66_OpenCPU_GS3_SDK_V2.4_Eclipse\libs\gcc\libapp_start.a(lib_ril_sms.o)
                              ./ril/src/ril_sms.o (LIB_SMS_IsValidHexStr)
C:\Users\Admin\Documents\Quectel\M66_OpenCPU_GS3_SDK_V2.4_Eclipse\libs\gcc\libapp_start.a(memory.o)
                              ./ril/src/ril_bluetooth.o (Ql_MEM_Alloc)
C:\Users\Admin\Documents\Quectel\M66_OpenCPU_GS3_SDK_V2.4_Eclipse\libs\gcc\libapp_start.a(ql_func.o)
                              C:\Users\Admin\Documents\Quectel\M66_OpenCPU_GS3_SDK_V2.4_Eclipse\libs\gcc\libapp_start.a(memory.o) (api_notsup)
C:\Users\Admin\Documents\Quectel\M66_OpenCPU_GS3_SDK_V2.4_Eclipse\libs\gcc\libapp_start.a(ql_main.o)
                              ./ril/src/ril_bluetooth.o (Ql_Debug_Trace)
C:\Users\Admin\Documents\Quectel\M66_OpenCPU_GS3_SDK_V2.4_Eclipse\libs\gcc\libapp_start.a(ril_aux.o)
                              ./custom/config/sys_config.o (proc_reserved2)
C:\Users\Admin\Documents\Quectel\M66_OpenCPU_GS3_SDK_V2.4_Eclipse\libs\gcc\libapp_start.a(ril_main.o)
                              ./custom/config/sys_config.o (proc_reserved1)
C:\Users\Admin\Documents\Quectel\M66_OpenCPU_GS3_SDK_V2.4_Eclipse\libs\gcc\libapp_start.a(stdlib_func.o)
                              ./ril/src/ril_dtmf.o (Ql_atof)
C:\Users\Admin\Documents\Quectel\M66_OpenCPU_GS3_SDK_V2.4_Eclipse\libs\gcc\libapp_start.a(system.o)
                              ./ril/src/ril_ftp.o (Ql_Sleep)
C:\Users\Admin\Documents\Quectel\M66_OpenCPU_GS3_SDK_V2.4_Eclipse\libs\gcc\libapp_start.a(taskMngt.o)
                              ./custom/main.o (Ql_OS_GetMessage)
C:\Users\Admin\Documents\Quectel\M66_OpenCPU_GS3_SDK_V2.4_Eclipse\libs\gcc\libapp_start.a(timer.o)
                              ./custom/App/Charger_Configuration/ChargerConfig.o (Ql_Timer_Register)
C:\Users\Admin\Documents\Quectel\M66_OpenCPU_GS3_SDK_V2.4_Eclipse\libs\gcc\libapp_start.a(uart.o)
                              ./custom/App/Relay_Control/RelayControl.o (Ql_UART_Register)
C:\Users\Admin\Documents\Quectel\M66_OpenCPU_GS3_SDK_V2.4_Eclipse\libs\gcc\libapp_start.a(ocpu_init.o)
                              C:\Users\Admin\Documents\Quectel\M66_OpenCPU_GS3_SDK_V2.4_Eclipse\libs\gcc\libapp_start.a(ql_main.o) (_OCPU_InitUserMem)
C:\Users\Admin\CodeSourcery\Sourcery_CodeBench_Lite_for_ARM_EABI\arm-none-eabi\lib\thumb\libm.a(lib_a-s_fpclassify.o)
                              ./custom/App/cJSON/cJSON.o (__fpclassifyd)
C:\Users\Admin\CodeSourcery\Sourcery_CodeBench_Lite_for_ARM_EABI\arm-none-eabi\lib\thumb\libc.a(lib_a-ctype_.o)
                              ./custom/App/cJSON/cJSON.o (__ctype_ptr__)
C:\Users\Admin\CodeSourcery\Sourcery_CodeBench_Lite_for_ARM_EABI\arm-none-eabi\lib\thumb\libc.a(lib_a-malloc.o)
                              ./custom/App/cJSON/cJSON.o (malloc)
C:\Users\Admin\CodeSourcery\Sourcery_CodeBench_Lite_for_ARM_EABI\arm-none-eabi\lib\thumb\libc.a(lib_a-mallocr.o)
                              C:\Users\Admin\CodeSourcery\Sourcery_CodeBench_Lite_for_ARM_EABI\arm-none-eabi\lib\thumb\libc.a(lib_a-malloc.o) (_malloc_r)
C:\Users\Admin\CodeSourcery\Sourcery_CodeBench_Lite_for_ARM_EABI\arm-none-eabi\lib\thumb\libc.a(lib_a-memcpy.o)
                              ./custom/App/cJSON/cJSON.o (memcpy)
C:\Users\Admin\CodeSourcery\Sourcery_CodeBench_Lite_for_ARM_EABI\arm-none-eabi\lib\thumb\libc.a(lib_a-memset.o)
                              ./ril/src/ril_alarm.o (memset)
C:\Users\Admin\CodeSourcery\Sourcery_CodeBench_Lite_for_ARM_EABI\arm-none-eabi\lib\thumb\libc.a(lib_a-mlock.o)
                              C:\Users\Admin\CodeSourcery\Sourcery_CodeBench_Lite_for_ARM_EABI\arm-none-eabi\lib\thumb\libc.a(lib_a-mallocr.o) (__malloc_lock)
C:\Users\Admin\CodeSourcery\Sourcery_CodeBench_Lite_for_ARM_EABI\arm-none-eabi\lib\thumb\libc.a(lib_a-printf.o)
                              ./custom/main.o (printf)
C:\Users\Admin\CodeSourcery\Sourcery_CodeBench_Lite_for_ARM_EABI\arm-none-eabi\lib\thumb\libc.a(lib_a-puts.o)
                              ./custom/App/Charger_Configuration/ChargerConfig.o (puts)
[...]
Memory Configuration

Name             Origin             Length             Attributes
ROM              0x102c7040         0x0005a000         xr
RAM              0xf03d2000         0x00019000         xrw
*default*        0x00000000         0xffffffff

Linker script and memory map

LOAD ./ril/src/ril_alarm.o
LOAD ./ril/src/ril_atResponse.o
LOAD ./ril/src/ril_audio.o
LOAD ./ril/src/ril_bluetooth.o
LOAD ./ril/src/ril_custom.o
LOAD ./ril/src/ril_dtmf.o
LOAD ./ril/src/ril_ftp.o
LOAD ./ril/src/ril_http.o
LOAD ./ril/src/ril_init.o
LOAD ./ril/src/ril_location.o
LOAD ./ril/src/ril_location2.o
LOAD ./ril/src/ril_network.o
LOAD ./ril/src/ril_ntp.o
LOAD ./ril/src/ril_sim.o
LOAD ./ril/src/ril_sms.o
LOAD ./ril/src/ril_system.o
LOAD ./ril/src/ril_telephony.o
LOAD ./ril/src/ril_urc.o
LOAD ./ril/src/ril_util.o
LOAD ./example/Example_gps_iic.o
LOAD ./example/example_adc.o
LOAD ./example/example_alarm.o
LOAD ./example/example_audio.o
LOAD ./example/example_bluetooth.o
LOAD ./example/example_call.o
LOAD ./example/example_clk.o
LOAD ./example/example_csd.o
LOAD ./example/example_download_epo.o
LOAD ./example/example_dtmf.o
LOAD ./example/example_eint.o
LOAD ./example/example_file.o
LOAD ./example/example_float_math.o
LOAD ./example/example_fota_ftp.o
LOAD ./example/example_fota_http.o
LOAD ./example/example_ftp.o
LOAD ./example/example_gpio.o
LOAD ./example/example_http.o
LOAD ./example/example_iic.o
LOAD ./example/example_location.o
LOAD ./example/example_location2.o
LOAD ./example/example_memory.o
LOAD ./example/example_multitask.o
LOAD ./example/example_multitask_port.o
LOAD ./example/example_pwm.o
LOAD ./example/example_sms.o
LOAD ./example/example_spi.o
LOAD ./example/example_system.o
LOAD ./example/example_tcp_demo.o
LOAD ./example/example_tcpclient.o
LOAD ./example/example_tcpserver.o
LOAD ./example/example_time.o
LOAD ./example/example_timer.o
LOAD ./example/example_transpass.o
LOAD ./example/example_udpclient.o
LOAD ./example/example_udpserver.o
LOAD ./example/example_watchdog.o
LOAD ./example/nema_pro.o
LOAD ./example/utility.o
LOAD ./custom/fota/src/fota_ftp.o
LOAD ./custom/fota/src/fota_http.o
LOAD ./custom/fota/src/fota_http_code.o
LOAD ./custom/fota/src/fota_main.o
LOAD ./custom/config/custom_sys_cfg.o
LOAD ./custom/config/sys_config.o
LOAD ./custom/App/cJSON/cJSON.o
LOAD ./custom/App/cJSON/cJSON_Utils.o
LOAD ./custom/App/Relay_Control/RelayControl.o
LOAD ./custom/App/RGB-Control/RGB.o
LOAD ./custom/App/Charger_JSON/Charger_Json.o
LOAD ./custom/App/Charger_Configuration/ChargerConfig.o
LOAD ./custom/App/Bluetooth_Configuration/BT_Configuration.o
LOAD ./custom/main.o
LOAD C:\Users\Admin\Documents\Quectel\M66_OpenCPU_GS3_SDK_V2.4_Eclipse\libs\gcc\libapp_start.a
LOAD C:\Users\Admin\CodeSourcery\Sourcery_CodeBench_Lite_for_ARM_EABI\arm-none-eabi\lib\thumb\libm.a
LOAD C:\Users\Admin\CodeSourcery\Sourcery_CodeBench_Lite_for_ARM_EABI\arm-none-eabi\lib\thumb\libc.a
LOAD C:\Users\Admin\CodeSourcery\Sourcery_CodeBench_Lite_for_ARM_EABI\arm-none-eabi\lib\thumb\libcs3.a
LOAD C:\Users\Admin\CodeSourcery\Sourcery_CodeBench_Lite_for_ARM_EABI\lib\gcc\arm-none-eabi\4.7.2\thumb\libgcc.a
START GROUP
LOAD C:\Users\Admin\CodeSourcery\Sourcery_CodeBench_Lite_for_ARM_EABI\lib\gcc\arm-none-eabi\4.7.2\thumb\libgcc.a
LOAD C:\Users\Admin\CodeSourcery\Sourcery_CodeBench_Lite_for_ARM_EABI\arm-none-eabi\lib\thumb\libc.a
END GROUP
                0x102c7040                . = 0x102c7040

.initdata       0x102c7040       0x2c
 *(.initdata)
 .initdata      0x102c7040       0x2c C:\Users\Admin\Documents\Quectel\M66_OpenCPU_GS3_SDK_V2.4_Eclipse\libs\gcc\libapp_start.a(ql_main.o)
                0x102c7040                GADLENTRY

text            0x102c7070    0x16a28
 *(.text)
 .text          0x102c7070       0xfc ./ril/src/ril_atResponse.o
                0x102c7070                Ql_RIL_AT_GetErrCode
                0x102c7080                Ql_RIL_AT_SetErrCode
                0x102c7094                Default_atRsp_callback
 .text          0x102c716c     0x305c ./ril/src/ril_bluetooth.o
                0x102c7cf8                BT_DevMngmt_GetDeviceId
                0x102c7d40                BT_DevMngmt_GetPairedId
                0x102c7d88                BT_DevMngmt_GetConnId
                0x102c7dd0                BT_DevMngmt_GetProfileId
                0x102c7e18                BT_DevMngmt_GetDevName
                0x102c7e60                BT_DevMngmt_GetDevAddr
                0x102c7ea8                RIL_BT_Switch
                0x102c7f30                RIL_BT_GetPwrState
                0x102c7fa0                RIL_BT_SetName
                0x102c803c                RIL_BT_GetName
                0x102c8154                RIL_BT_GetLocalAddr
                0x102c824c                RIL_BT_SetVisble
                0x102c8300                OnURCHandler_BTVisible
                0x102c83f4                RIL_BT_GetVisble
                0x102c8468                OnURCHandler_BTScan
                0x102c872c                RIL_BT_GetDevListInfo
                0x102c87a4                RIL_BT_GetDevListPointer
                0x102c87b0                RIL_BT_StopScan
                0x102c8808                RIL_BT_QueryState
                0x102c886c                RIL_BT_StartScan
                0x102c892c                RIL_BT_Initialize
                0x102c8960                RIL_BT_PairReq
                0x102c8a08                OnURCHandler_BTPair
                0x102c8c14                RIL_BT_PairConfirm
                0x102c8cc8                OnURCHandler_BTPairCnf
                0x102c8f04                RIL_BT_Unpair
                0x102c9068                RIL_BT_GetSupportedProfile
                0x102c91a4                RIL_BT_ConnReq
                0x102c926c                OnURCHandler_BTConn
                0x102c9500                RIL_BT_SPP_DirectConn
                0x102c9588                RIL_BT_ConnAccept
                0x102c9610                OnURCHandler_BTConnCnf
                0x102c9964                RIL_BT_Disconnect
                0x102c9a14                OnURCHandler_BTDisconn
                0x102c9c3c                RIL_BT_SPP_Send
                0x102c9d14                RIL_BT_SPP_Read
                0x102c9df0                OnURCHandler_BTIndication
 .text          0x102ca1c8       0x20 ./ril/src/ril_custom.o
                0x102ca1c8                Ql_RIL_RcvDataFrmCore
 .text          0x102ca1e8      0x5b8 ./ril/src/ril_dtmf.o
                0x102ca2e4                RIL_ToneDet_Open
                0x102ca368                RIL_ToneDet_Close
                0x102ca3e0                RIL_ToneDet_Set
                0x102ca48c                RIL_ToneDet_Get
                0x102ca54c                OnURCHandler_QToneDet
                0x102ca640                RIL_WDTMF_Send
                0x102ca6fc                OnURCHandler_QWDTMF
 .text          0x102ca7a0       0x10 ./ril/src/ril_init.o
                0x102ca7a0                RIL_GetInitCmdCnt
                0x102ca7a8                RIL_GetLimitedCmdCnt
 .text          0x102ca7b0      0x534 ./ril/src/ril_location.o
                0x102ca8e0                RIL_GetLocation
                0x102ca9b4                RIL_GetLocation_Ex
                0x102caa9c                RIL_GetLocationByCell
                0x102cab8c                OnURCHandler_QCELLLocation
 .text          0x102cace4      0x10c ./ril/src/ril_ntp.o
                0x102cace4                OnURCHandler_NTPCMD
                0x102cad50                RIL_NTP_START
 .text          0x102cadf0      0x5a4 ./ril/src/ril_sim.o
                0x102caf50                RIL_SIM_GetSimStateByName
                0x102cb238                RIL_SIM_GetSimState
                0x102cb2ac                RIL_SIM_GetIMSI
                0x102cb320                RIL_SIM_GetCCID
 .text          0x102cb394      0xbe0 ./ril/src/ril_urc.o
                0x102cbe24                OnURCHandler
                0x102cbef4                Ql_RIL_IsURCStr
 .text          0x102cbf74      0x4a0 ./ril/src/ril_util.o
                0x102cbf74                Ql_StrPrefixMatch
                0x102cbfc4                Ql_StrToUpper
                0x102cc020                Ql_HexStrToInt
                0x102cc0b4                Ql_RIL_FindString
                0x102cc140                Ql_RIL_FindLine
                0x102cc3c0                Ql_GenHash
 .text          0x102cc414     0x34cc ./custom/App/cJSON/cJSON.o
                0x102cd858                cJSON_GetErrorPtr
                0x102cd86c                cJSON_GetStringValue
                0x102cd888                cJSON_GetNumberValue
                0x102cd8b4                cJSON_Version
                0x102cd8f8                cJSON_InitHooks
                0x102cd998                cJSON_Delete
                0x102ce044                cJSON_SetNumberHelper
                0x102ce0e0                cJSON_SetValuestring
                0x102ce18c                cJSON_ParseWithLengthOpts
                0x102ce324                cJSON_ParseWithOpts
                0x102ce35c                cJSON_Parse
                0x102ce368                cJSON_ParseWithLength
                0x102ce374                cJSON_Print
                0x102ce37c                cJSON_PrintUnformatted
                0x102ce384                cJSON_PrintBuffered
                0x102ce43c                cJSON_PrintPreallocated
                0x102ce4ac                cJSON_GetArraySize
                0x102ce4e0                cJSON_GetArrayItem
                0x102ce530                cJSON_GetObjectItem
                0x102ce538                cJSON_GetObjectItemCaseSensitive
                0x102ce540                cJSON_HasObjectItem
                0x102ce554                cJSON_AddItemToArray
                0x102ce558                cJSON_AddItemToObject
                0x102ce560                cJSON_AddItemToObjectCS
                0x102ce568                cJSON_AddItemReferenceToArray
                0x102ce58c                cJSON_AddItemReferenceToObject
                0x102ce5d4                cJSON_DetachItemViaPointer
                0x102ce644                cJSON_DetachItemFromArray
                0x102ce69c                cJSON_DeleteItemFromArray
                0x102ce6ac                cJSON_DetachItemFromObject
                0x102ce6c8                cJSON_DetachItemFromObjectCaseSensitive
                0x102ce6e4                cJSON_DeleteItemFromObject
                0x102ce6f4                cJSON_DeleteItemFromObjectCaseSensitive
                0x102ce704                cJSON_InsertItemInArray
                0x102ce79c                cJSON_ReplaceItemViaPointer
                0x102ce8cc                cJSON_ReplaceItemInArray
                0x102ce924                cJSON_ReplaceItemInObject
                0x102ce92c                cJSON_ReplaceItemInObjectCaseSensitive
                0x102ce934                cJSON_CreateNull
                0x102ce954                cJSON_AddNullToObject
                0x102ce99c                cJSON_CreateTrue
                0x102ce9bc                cJSON_AddTrueToObject
                0x102cea04                cJSON_CreateFalse
                0x102cea24                cJSON_AddFalseToObject
                0x102cea6c                cJSON_CreateBool
                0x102cea9c                cJSON_AddBoolToObject
                0x102ceae8                cJSON_CreateNumber
                0x102ceb98                cJSON_AddNumberToObject
                0x102cebe8                cJSON_CreateString
                0x102cec3c                cJSON_AddStringToObject
                0x102cec88                cJSON_CreateStringReference
                0x102cecb0                cJSON_CreateObjectReference
                0x102cecd8                cJSON_CreateArrayReference
                0x102ced00                cJSON_CreateRaw
                0x102ced54                cJSON_AddRawToObject
                0x102ceda0                cJSON_CreateArray
                0x102cedc0                cJSON_AddArrayToObject
                0x102cee08                cJSON_CreateObject
                0x102cee28                cJSON_AddObjectToObject
                0x102cee70                cJSON_CreateIntArray
                0x102cef34                cJSON_CreateFloatArray
                0x102ceff8                cJSON_CreateDoubleArray
                0x102cf0b0                cJSON_CreateStringArray
                0x102cf168                cJSON_Duplicate
                0x102cf288                cJSON_Minify
                0x102cf4d0                cJSON_IsInvalid
                0x102cf4e8                cJSON_IsFalse
                0x102cf504                cJSON_IsTrue
                0x102cf520                cJSON_IsBool
                0x102cf538                cJSON_IsNull
                0x102cf554                cJSON_IsNumber
                0x102cf570                cJSON_IsString
                0x102cf58c                cJSON_IsArray
                0x102cf5a8                cJSON_IsObject
                0x102cf5c4                cJSON_IsRaw
                0x102cf5e0                cJSON_Compare
                0x102cf8b0                cJSON_malloc
                0x102cf8c8                cJSON_free
 .text          0x102cf8e0       0xe4 ./custom/App/Relay_Control/RelayControl.o
                0x102cf8e0                vUart1Callback
                0x102cf8e4                vRelayOn
                0x102cf900                vRelayOff
                0x102cf91c                vRelayInit
                0x102cf944                vRelayTest
                0x102cf984                vUart1Init
 .text          0x102cf9c4      0x488 ./custom/App/RGB-Control/RGB.o
                0x102cf9c4                vRgbDeInit
                0x102cfa1c                vRgbInit
                0x102cfaa8                vRgbColorState
 .text          0x102cfe4c      0x154 ./custom/App/Charger_JSON/Charger_Json.o
                0x102cfe4c                xSendMqttData
 .text          0x102cffa0      0x808 ./custom/App/Bluetooth_Configuration/BT_Configuration.o
                0x102d06c8                vBluetoothInit
 .text          0x102d07a8       0xb8 ./custom/main.o
                0x102d07a8                proc_main_task
 .text          0x102d0860       0x4c C:\Users\Admin\Documents\Quectel\M66_OpenCPU_GS3_SDK_V2.4_Eclipse\libs\gcc\libapp_start.a(ocpu_init.o)
                0x102d0860                _OCPU_InitUserMem
 .text          0x102d08ac       0x5c C:\Users\Admin\CodeSourcery\Sourcery_CodeBench_Lite_for_ARM_EABI\arm-none-eabi\lib\thumb\libm.a(lib_a-s_fpclassify.o)
                0x102d08ac                __fpclassifyd
 .text          0x102d0908       0x30 C:\Users\Admin\CodeSourcery\Sourcery_CodeBench_Lite_for_ARM_EABI\arm-none-eabi\lib\thumb\libc.a(lib_a-malloc.o)
                0x102d0908                malloc
                0x102d0920                free
 .text          0x102d0938      0x518 C:\Users\Admin\CodeSourcery\Sourcery_CodeBench_Lite_for_ARM_EABI\arm-none-eabi\lib\thumb\libc.a(lib_a-mallocr.o)
                0x102d0938                _malloc_r
 .text          0x102d0e50      0x10c C:\Users\Admin\CodeSourcery\Sourcery_CodeBench_Lite_for_ARM_EABI\arm-none-eabi\lib\thumb\libc.a(lib_a-memcpy.o)
                0x102d0e50                memcpy
 .text          0x102d0f5c       0x9c C:\Users\Admin\CodeSourcery\Sourcery_CodeBench_Lite_for_ARM_EABI\arm-none-eabi\lib\thumb\libc.a(lib_a-memset.o)
                0x102d0f5c                memset
 .text          0x102d0ff8        0x8 C:\Users\Admin\CodeSourcery\Sourcery_CodeBench_Lite_for_ARM_EABI\arm-none-eabi\lib\thumb\libc.a(lib_a-mlock.o)
                0x102d0ff8                __malloc_lock
                0x102d0ffc                __malloc_unlock
 .text          0x102d1000       0x40 C:\Users\Admin\CodeSourcery\Sourcery_CodeBench_Lite_for_ARM_EABI\arm-none-eabi\lib\thumb\libc.a(lib_a-printf.o)
                0x102d1000                _printf_r
                0x102d101c                printf
 .text          0x102d1040       0x1c C:\Users\Admin\CodeSourcery\Sourcery_CodeBench_Lite_for_ARM_EABI\arm-none-eabi\lib\thumb\libc.a(lib_a-realloc.o)
                0x102d1040                realloc
 .text          0x102d105c      0x3e0 C:\Users\Admin\CodeSourcery\Sourcery_CodeBench_Lite_for_ARM_EABI\arm-none-eabi\lib\thumb\libc.a(lib_a-reallocr.o)
                0x102d105c                _realloc_r
 .text          0x102d143c       0x28 C:\Users\Admin\CodeSourcery\Sourcery_CodeBench_Lite_for_ARM_EABI\arm-none-eabi\lib\thumb\libc.a(lib_a-sbrkr.o)
                0x102d143c                _sbrk_r
 .text          0x102d1464       0x84 C:\Users\Admin\CodeSourcery\Sourcery_CodeBench_Lite_for_ARM_EABI\arm-none-eabi\lib\thumb\libc.a(lib_a-sprintf.o)
                0x102d1464                _sprintf_r
                0x102d14a4                sprintf
 .text          0x102d14e8       0xa0 C:\Users\Admin\CodeSourcery\Sourcery_CodeBench_Lite_for_ARM_EABI\arm-none-eabi\lib\thumb\libc.a(lib_a-sscanf.o)
                0x102d14e8                sscanf
                0x102d1538                _sscanf_r
 .text          0x102d1588       0xac C:\Users\Admin\CodeSourcery\Sourcery_CodeBench_Lite_for_ARM_EABI\arm-none-eabi\lib\thumb\libc.a(lib_a-stdio.o)
                0x102d1588                __sread
                0x102d15b4                __seofread
                0x102d15b8                __swrite
                0x102d15f4                __sseek
                0x102d1624                __sclose
 .text          0x102d1634       0x14 C:\Users\Admin\CodeSourcery\Sourcery_CodeBench_Lite_for_ARM_EABI\arm-none-eabi\lib\thumb\libc.a(lib_a-strcmp.o)
                0x102d1634                strcmp
 .text          0x102d1648       0x10 C:\Users\Admin\CodeSourcery\Sourcery_CodeBench_Lite_for_ARM_EABI\arm-none-eabi\lib\thumb\libc.a(lib_a-strlen.o)
                0x102d1648                strlen
 .text          0x102d1658       0xbc C:\Users\Admin\CodeSourcery\Sourcery_CodeBench_Lite_for_ARM_EABI\arm-none-eabi\lib\thumb\libc.a(lib_a-strncmp.o)
                0x102d1658                strncmp
 *fill*         0x102d1714        0x4 
 .text          0x102d1718      0xf48 C:\Users\Admin\CodeSourcery\Sourcery_CodeBench_Lite_for_ARM_EABI\arm-none-eabi\lib\thumb\libc.a(lib_a-strtod.o)
                0x102d1718                _strtod_r
                0x102d2598                strtod
                0x102d25b4                strtof
 .text          0x102d2660     0x1480 C:\Users\Admin\CodeSourcery\Sourcery_CodeBench_Lite_for_ARM_EABI\arm-none-eabi\lib\thumb\libc.a(lib_a-svfprintf.o)
                0x102d2660                _svfprintf_r
 .text          0x102d3ae0      0xeb4 C:\Users\Admin\CodeSourcery\Sourcery_CodeBench_Lite_for_ARM_EABI\arm-none-eabi\lib\thumb\libc.a(lib_a-svfscanf.o)
                0x102d3ae0                __ssvfscanf_r
 *fill*         0x102d4994        0x4 
 .text          0x102d4998     0x1530 C:\Users\Admin\CodeSourcery\Sourcery_CodeBench_Lite_for_ARM_EABI\arm-none-eabi\lib\thumb\libc.a(lib_a-vfprintf.o)
                0x102d4998                _vfprintf_r
                0x102d5ea4                vfprintf
 .text          0x102d5ec8       0x2c C:\Users\Admin\CodeSourcery\Sourcery_CodeBench_Lite_for_ARM_EABI\arm-none-eabi\lib\thumb\libc.a(lib_a-writer.o)
                0x102d5ec8                _write_r
 .text          0x102d5ef4       0xc0 C:\Users\Admin\CodeSourcery\Sourcery_CodeBench_Lite_for_ARM_EABI\arm-none-eabi\lib\thumb\libc.a(lib_a-wsetup.o)
                0x102d5ef4                __swsetup_r
 .text          0x102d5fb4       0x28 C:\Users\Admin\CodeSourcery\Sourcery_CodeBench_Lite_for_ARM_EABI\arm-none-eabi\lib\thumb\libc.a(lib_a-closer.o)
                0x102d5fb4                _close_r
 *fill*         0x102d5fdc        0x4 
 .text          0x102d5fe0     0x10c8 C:\Users\Admin\CodeSourcery\Sourcery_CodeBench_Lite_for_ARM_EABI\arm-none-eabi\lib\thumb\libc.a(lib_a-dtoa.o)
                0x102d6138                _dtoa_r
 .text          0x102d70a8      0x188 C:\Users\Admin\CodeSourcery\Sourcery_CodeBench_Lite_for_ARM_EABI\arm-none-eabi\lib\thumb\libc.a(lib_a-fflush.o)
                0x102d70a8                _fflush_r
                0x102d7200                fflush
 .text          0x102d7230      0x1d8 C:\Users\Admin\CodeSourcery\Sourcery_CodeBench_Lite_for_ARM_EABI\arm-none-eabi\lib\thumb\libc.a(lib_a-findfp.o)
                0x102d7238                _cleanup_r
                0x102d7298                __sfmoreglue
                0x102d72c8                _cleanup
                0x102d72dc                __sinit
                0x102d7330                __sfp
                0x102d73c0                __sfp_lock_acquire
                0x102d73c4                __sfp_lock_release
                0x102d73c8                __sinit_lock_acquire
                0x102d73cc                __sinit_lock_release
                0x102d73d0                __fp_lock_all
                0x102d73ec                __fp_unlock_all
 .text          0x102d7408      0x238 C:\Users\Admin\CodeSourcery\Sourcery_CodeBench_Lite_for_ARM_EABI\arm-none-eabi\lib\thumb\libc.a(lib_a-freer.o)
                0x102d7408                _malloc_trim_r
                0x102d74ac                _free_r
 .text          0x102d7640      0x31c C:\Users\Admin\CodeSourcery\Sourcery_CodeBench_Lite_for_ARM_EABI\arm-none-eabi\lib\thumb\libc.a(lib_a-fvwrite.o)
                0x102d7640                __sfvwrite_r
 .text          0x102d795c       0xc0 C:\Users\Admin\CodeSourcery\Sourcery_CodeBench_Lite_for_ARM_EABI\arm-none-eabi\lib\thumb\libc.a(lib_a-fwalk.o)
                0x102d795c                _fwalk
                0x102d79b8                _fwalk_reent
 .text          0x102d7a1c      0x674 C:\Users\Admin\CodeSourcery\Sourcery_CodeBench_Lite_for_ARM_EABI\arm-none-eabi\lib\thumb\libc.a(lib_a-gdtoa-gethex.o)
                0x102d7ae0                __hexdig_init
                0x102d7b38                __gethex
 .text          0x102d8090      0x1e0 C:\Users\Admin\CodeSourcery\Sourcery_CodeBench_Lite_for_ARM_EABI\arm-none-eabi\lib\thumb\libc.a(lib_a-gdtoa-hexnan.o)
                0x102d8090                __hexnan
 .text          0x102d8270       0x20 C:\Users\Admin\CodeSourcery\Sourcery_CodeBench_Lite_for_ARM_EABI\arm-none-eabi\lib\thumb\libc.a(lib_a-iswspace.o)
                0x102d8270                iswspace
 .text          0x102d8290       0xa0 C:\Users\Admin\CodeSourcery\Sourcery_CodeBench_Lite_for_ARM_EABI\arm-none-eabi\lib\thumb\libc.a(lib_a-locale.o)
                0x102d8290                _setlocale_r
                0x102d82d8                __locale_charset
                0x102d82e0                __locale_mb_cur_max
                0x102d82ec                __locale_msgcharset
                0x102d82f8                __locale_cjk_lang
                0x102d82fc                _localeconv_r
                0x102d8308                setlocale
                0x102d8324                localeconv
 .text          0x102d8330       0x2c C:\Users\Admin\CodeSourcery\Sourcery_CodeBench_Lite_for_ARM_EABI\arm-none-eabi\lib\thumb\libc.a(lib_a-lseekr.o)
                0x102d8330                _lseek_r
 .text          0x102d835c       0xe0 C:\Users\Admin\CodeSourcery\Sourcery_CodeBench_Lite_for_ARM_EABI\arm-none-eabi\lib\thumb\libc.a(lib_a-makebuf.o)
                0x102d835c                __smakebuf_r
 .text          0x102d843c       0xf4 C:\Users\Admin\CodeSourcery\Sourcery_CodeBench_Lite_for_ARM_EABI\arm-none-eabi\lib\thumb\libc.a(lib_a-mbrtowc.o)
                0x102d843c                _mbrtowc_r
                0x102d84a8                mbrtowc
 .text          0x102d8530       0x70 C:\Users\Admin\CodeSourcery\Sourcery_CodeBench_Lite_for_ARM_EABI\arm-none-eabi\lib\thumb\libc.a(lib_a-mbtowc_r.o)
                0x102d8530                __ascii_mbtowc
                0x102d8560                _mbtowc_r
 .text          0x102d85a0       0x98 C:\Users\Admin\CodeSourcery\Sourcery_CodeBench_Lite_for_ARM_EABI\arm-none-eabi\lib\thumb\libc.a(lib_a-memchr.o)
                0x102d85a0                memchr
 .text          0x102d8638       0xb0 C:\Users\Admin\CodeSourcery\Sourcery_CodeBench_Lite_for_ARM_EABI\arm-none-eabi\lib\thumb\libc.a(lib_a-memmove.o)
                0x102d8638                memmove
 .text          0x102d86e8      0x970 C:\Users\Admin\CodeSourcery\Sourcery_CodeBench_Lite_for_ARM_EABI\arm-none-eabi\lib\thumb\libc.a(lib_a-mprec.o)
                0x102d86e8                _Balloc
                0x102d873c                _Bfree
                0x102d8754                __multadd
                0x102d8800                __s2b
                0x102d889c                __hi0bits
                0x102d88d4                __lo0bits
                0x102d8934                __i2b
                0x102d894c                __multiply
                0x102d8ab0                __pow5mult
                0x102d8b60                __lshift
                0x102d8c30                __mcmp
                0x102d8c6c                __mdiff
                0x102d8d5c                __ulp
                0x102d8da4                __b2d
                0x102d8e48                __d2b
                0x102d8f00                __ratio
                0x102d8f74                _mprec_log10
                0x102d8fb4                __copybits
                0x102d8ffc                __any_on
 .text          0x102d9058       0x2c C:\Users\Admin\CodeSourcery\Sourcery_CodeBench_Lite_for_ARM_EABI\arm-none-eabi\lib\thumb\libc.a(lib_a-readr.o)
                0x102d9058                _read_r
 .text          0x102d9084       0x7c C:\Users\Admin\CodeSourcery\Sourcery_CodeBench_Lite_for_ARM_EABI\arm-none-eabi\lib\thumb\libc.a(lib_a-sccl.o)
                0x102d9084                __sccl
 .text          0x102d9100        0x8 C:\Users\Admin\CodeSourcery\Sourcery_CodeBench_Lite_for_ARM_EABI\arm-none-eabi\lib\thumb\libc.a(lib_a-sf_nan.o)
                0x102d9100                nanf
 .text          0x102d9108      0x190 C:\Users\Admin\CodeSourcery\Sourcery_CodeBench_Lite_for_ARM_EABI\arm-none-eabi\lib\thumb\libc.a(lib_a-strtol.o)
                0x102d9108                _strtol_r
                0x102d9278                strtol
 .text          0x102d9298      0x208 C:\Users\Admin\CodeSourcery\Sourcery_CodeBench_Lite_for_ARM_EABI\arm-none-eabi\lib\thumb\libc.a(lib_a-strtoll_r.o)
                0x102d9298                _strtoll_r
 .text          0x102d94a0      0x198 C:\Users\Admin\CodeSourcery\Sourcery_CodeBench_Lite_for_ARM_EABI\arm-none-eabi\lib\thumb\libc.a(lib_a-strtoul.o)
                0x102d94a0                _strtoul_r
                0x102d9618                strtoul
 .text          0x102d9638      0x220 C:\Users\Admin\CodeSourcery\Sourcery_CodeBench_Lite_for_ARM_EABI\arm-none-eabi\lib\thumb\libc.a(lib_a-strtoull_r.o)
                0x102d9638                _strtoull_r
 .text          0x102d9858      0xbec C:\Users\Admin\CodeSourcery\Sourcery_CodeBench_Lite_for_ARM_EABI\arm-none-eabi\lib\thumb\libc.a(lib_a-svfiprintf.o)
                0x102d9858                __ssprint_r
                0x102d9984                _svfiprintf_r
 .text          0x102da444      0xb58 C:\Users\Admin\CodeSourcery\Sourcery_CodeBench_Lite_for_ARM_EABI\arm-none-eabi\lib\thumb\libc.a(lib_a-svfiscanf.o)
                0x102da444                _sungetc_r
                0x102da4c8                __ssrefill_r
                0x102da50c                _sfread_r
                0x102da598                __ssvfiscanf_r
 .text          0x102daf9c      0x188 C:\Users\Admin\CodeSourcery\Sourcery_CodeBench_Lite_for_ARM_EABI\arm-none-eabi\lib\thumb\libc.a(lib_a-ungetc.o)
                0x102daf9c                __submore
                0x102db024                _ungetc_r
                0x102db108                ungetc
 .text          0x102db124      0xc50 C:\Users\Admin\CodeSourcery\Sourcery_CodeBench_Lite_for_ARM_EABI\arm-none-eabi\lib\thumb\libc.a(lib_a-vfiprintf.o)
                0x102db124                __sprint_r
                0x102db1a8                _vfiprintf_r
                0x102dbd54                vfiprintf
 .text          0x102dbd74       0x64 C:\Users\Admin\CodeSourcery\Sourcery_CodeBench_Lite_for_ARM_EABI\arm-none-eabi\lib\thumb\libc.a(lib_a-callocr.o)
                0x102dbd74                _calloc_r
 .text          0x102dbdd8       0xc0 C:\Users\Admin\CodeSourcery\Sourcery_CodeBench_Lite_for_ARM_EABI\arm-none-eabi\lib\thumb\libc.a(lib_a-fclose.o)
                0x102dbdd8                _fclose_r
                0x102dbe7c                fclose
 .text          0x102dbe98      0x104 C:\Users\Admin\CodeSourcery\Sourcery_CodeBench_Lite_for_ARM_EABI\arm-none-eabi\lib\thumb\libc.a(lib_a-fputwc.o)
                0x102dbe98                _fputwc_r
                0x102dbf70                fputwc
 .text          0x102dbf9c       0x2c C:\Users\Admin\CodeSourcery\Sourcery_CodeBench_Lite_for_ARM_EABI\arm-none-eabi\lib\thumb\libc.a(lib_a-fstatr.o)
                0x102dbf9c                _fstat_r
 .text          0x102dbfc8       0x28 C:\Users\Admin\CodeSourcery\Sourcery_CodeBench_Lite_for_ARM_EABI\arm-none-eabi\lib\thumb\libc.a(lib_a-isattyr.o)
                0x102dbfc8                _isatty_r
 .text          0x102dbff0       0xe4 C:\Users\Admin\CodeSourcery\Sourcery_CodeBench_Lite_for_ARM_EABI\arm-none-eabi\lib\thumb\libc.a(lib_a-wbuf.o)
                0x102dbff0                __swbuf_r
                0x102dc0b8                __swbuf
 .text          0x102dc0d4       0xd4 C:\Users\Admin\CodeSourcery\Sourcery_CodeBench_Lite_for_ARM_EABI\arm-none-eabi\lib\thumb\libc.a(lib_a-wcrtomb.o)
                0x102dc0d4                _wcrtomb_r
                0x102dc134                wcrtomb
 .text          0x102dc1a8       0x5c C:\Users\Admin\CodeSourcery\Sourcery_CodeBench_Lite_for_ARM_EABI\arm-none-eabi\lib\thumb\libc.a(lib_a-wctomb_r.o)
                0x102dc1a8                __ascii_wctomb
                0x102dc1c8                _wctomb_r
 .text          0x102dc204      0x11c C:\Users\Admin\CodeSourcery\Sourcery_CodeBench_Lite_for_ARM_EABI\lib\gcc\arm-none-eabi\4.7.2\thumb\libgcc.a(_udivsi3.o)
                0x102dc204                __aeabi_uidiv
                0x102dc204                __udivsi3
                0x102dc300                __aeabi_uidivmod
 .text          0x102dc320      0x150 C:\Users\Admin\CodeSourcery\Sourcery_CodeBench_Lite_for_ARM_EABI\lib\gcc\arm-none-eabi\4.7.2\thumb\libgcc.a(_divsi3.o)
                0x102dc320                __divsi3
                0x102dc320                __aeabi_idiv
                0x102dc450                __aeabi_idivmod
 .text          0x102dc470        0x4 C:\Users\Admin\CodeSourcery\Sourcery_CodeBench_Lite_for_ARM_EABI\lib\gcc\arm-none-eabi\4.7.2\thumb\libgcc.a(_dvmd_tls.o)
                0x102dc470                __aeabi_idiv0
                0x102dc470                __aeabi_ldiv0
 .text          0x102dc474      0x41c C:\Users\Admin\CodeSourcery\Sourcery_CodeBench_Lite_for_ARM_EABI\lib\gcc\arm-none-eabi\4.7.2\thumb\libgcc.a(_arm_addsubdf3.o)
                0x102dc474                __aeabi_drsub
                0x102dc47c                __aeabi_dsub
                0x102dc47c                __subdf3
                0x102dc480                __aeabi_dadd
                0x102dc480                __adddf3
                0x102dc790                __floatunsidf
                0x102dc790                __aeabi_ui2d
                0x102dc7b4                __floatsidf
                0x102dc7b4                __aeabi_i2d
                0x102dc7dc                __aeabi_f2d
                0x102dc7dc                __extendsfdf2
                0x102dc81c                __floatundidf
                0x102dc81c                __aeabi_ul2d
                0x102dc830                __floatdidf
                0x102dc830                __aeabi_l2d
 .text          0x102dc890      0x49c C:\Users\Admin\CodeSourcery\Sourcery_CodeBench_Lite_for_ARM_EABI\lib\gcc\arm-none-eabi\4.7.2\thumb\libgcc.a(_arm_muldivdf3.o)
                0x102dc890                __aeabi_dmul
                0x102dc890                __muldf3
                0x102dcb20                __divdf3
                0x102dcb20                __aeabi_ddiv
 .text          0x102dcd2c      0x144 C:\Users\Admin\CodeSourcery\Sourcery_CodeBench_Lite_for_ARM_EABI\lib\gcc\arm-none-eabi\4.7.2\thumb\libgcc.a(_arm_cmpdf2.o)
                0x102dcd2c                __gtdf2
                0x102dcd2c                __gedf2
                0x102dcd34                __ltdf2
                0x102dcd34                __ledf2
                0x102dcd3c                __nedf2
                0x102dcd3c                __eqdf2
                0x102dcd3c                __cmpdf2
                0x102dcdc4                __aeabi_cdrcmple
                0x102dcde0                __aeabi_cdcmpeq
                0x102dcde0                __aeabi_cdcmple
                0x102dcdf8                __aeabi_dcmpeq
                0x102dce10                __aeabi_dcmplt
                0x102dce28                __aeabi_dcmple
                0x102dce40                __aeabi_dcmpge
                0x102dce58                __aeabi_dcmpgt
 .text          0x102dce70       0x5c C:\Users\Admin\CodeSourcery\Sourcery_CodeBench_Lite_for_ARM_EABI\lib\gcc\arm-none-eabi\4.7.2\thumb\libgcc.a(_arm_fixdfsi.o)
                0x102dce70                __aeabi_d2iz
                0x102dce70                __fixdfsi
 .text          0x102dcecc       0x54 C:\Users\Admin\CodeSourcery\Sourcery_CodeBench_Lite_for_ARM_EABI\lib\gcc\arm-none-eabi\4.7.2\thumb\libgcc.a(_arm_fixunsdfsi.o)
                0x102dcecc                __aeabi_d2uiz
                0x102dcecc                __fixunsdfsi
 .text          0x102dcf20       0xa0 C:\Users\Admin\CodeSourcery\Sourcery_CodeBench_Lite_for_ARM_EABI\lib\gcc\arm-none-eabi\4.7.2\thumb\libgcc.a(_arm_truncdfsf2.o)
                0x102dcf20                __truncdfsf2
                0x102dcf20                __aeabi_d2f
 .text          0x102dcfc0      0x114 C:\Users\Admin\CodeSourcery\Sourcery_CodeBench_Lite_for_ARM_EABI\lib\gcc\arm-none-eabi\4.7.2\thumb\libgcc.a(_arm_cmpsf2.o)
                0x102dcfc0                __gesf2
                0x102dcfc0                __gtsf2
                0x102dcfc8                __lesf2
                0x102dcfc8                __ltsf2
                0x102dcfd0                __nesf2
                0x102dcfd0                __eqsf2
                0x102dcfd0                __cmpsf2
                0x102dd034                __aeabi_cfrcmple
                0x102dd044                __aeabi_cfcmpeq
                0x102dd044                __aeabi_cfcmple
                0x102dd05c                __aeabi_fcmpeq
                0x102dd074                __aeabi_fcmplt
                0x102dd08c                __aeabi_fcmple
                0x102dd0a4                __aeabi_fcmpge
                0x102dd0bc                __aeabi_fcmpgt
 .text          0x102dd0d4       0x3c C:\Users\Admin\CodeSourcery\Sourcery_CodeBench_Lite_for_ARM_EABI\lib\gcc\arm-none-eabi\4.7.2\thumb\libgcc.a(_aeabi_uldivmod.o)
                0x102dd0d4                __aeabi_uldivmod
 .text          0x102dd110       0x4c C:\Users\Admin\CodeSourcery\Sourcery_CodeBench_Lite_for_ARM_EABI\lib\gcc\arm-none-eabi\4.7.2\thumb\libgcc.a(_muldi3.o)
                0x102dd110                __muldi3
                0x102dd110                __aeabi_lmul
 .text          0x102dd15c       0x7c C:\Users\Admin\CodeSourcery\Sourcery_CodeBench_Lite_for_ARM_EABI\lib\gcc\arm-none-eabi\4.7.2\thumb\libgcc.a(bpabi.o)
                0x102dd15c                __gnu_ldivmod_helper
                0x102dd19c                __gnu_uldivmod_helper
 .text          0x102dd1d8      0x3ec C:\Users\Admin\CodeSourcery\Sourcery_CodeBench_Lite_for_ARM_EABI\lib\gcc\arm-none-eabi\4.7.2\thumb\libgcc.a(_divdi3.o)
                0x102dd1d8                __divdi3
 .text          0x102dd5c4      0x3a0 C:\Users\Admin\CodeSourcery\Sourcery_CodeBench_Lite_for_ARM_EABI\lib\gcc\arm-none-eabi\4.7.2\thumb\libgcc.a(_udivdi3.o)
                0x102dd5c4                __udivdi3
 .text          0x102dd964       0x48 C:\Users\Admin\CodeSourcery\Sourcery_CodeBench_Lite_for_ARM_EABI\lib\gcc\arm-none-eabi\4.7.2\thumb\libgcc.a(_clzsi2.o)
                0x102dd964                __clzsi2
 *fill*         0x102dd9ac        0x4 
 .text.__stub   0x102dd9b0       0xdc linker stubs

.glue_7         0x102dda98        0x0
 .glue_7        0x00000000        0x0 linker stubs

.glue_7t        0x102dda98        0x0
 .glue_7t       0x00000000        0x0 linker stubs

.vfp11_veneer   0x102dda98        0x0
 .vfp11_veneer  0x00000000        0x0 linker stubs

.v4_bx          0x102dda98        0x0
 .v4_bx         0x00000000        0x0 linker stubs

.iplt           0x102dda98        0x0
 .iplt          0x00000000        0x0 ./ril/src/ril_alarm.o

.text.Ql_GPIO_Init
                0x102dda98       0x78
 .text.Ql_GPIO_Init
                0x102dda98       0x78 C:\Users\Admin\Documents\Quectel\M66_OpenCPU_GS3_SDK_V2.4_Eclipse\libs\gcc\libapp_start.a(gpio.o)
                0x102dda98                Ql_GPIO_Init

.text.Ql_GPIO_SetLevel
                0x102ddb10       0x68
 .text.Ql_GPIO_SetLevel
                0x102ddb10       0x68 C:\Users\Admin\Documents\Quectel\M66_OpenCPU_GS3_SDK_V2.4_Eclipse\libs\gcc\libapp_start.a(gpio.o)
                0x102ddb10                Ql_GPIO_SetLevel

.text.Ql_MEM_Alloc
                0x102ddb78       0x78
 .text.Ql_MEM_Alloc
                0x102ddb78       0x78 C:\Users\Admin\Documents\Quectel\M66_OpenCPU_GS3_SDK_V2.4_Eclipse\libs\gcc\libapp_start.a(memory.o)
                0x102ddb78                Ql_MEM_Alloc

.text.Ql_MEM_Free
                0x102ddbf0       0x74
 .text.Ql_MEM_Free
                0x102ddbf0       0x74 C:\Users\Admin\Documents\Quectel\M66_OpenCPU_GS3_SDK_V2.4_Eclipse\libs\gcc\libapp_start.a(memory.o)
                0x102ddbf0                Ql_MEM_Free

.text.ql_InitVFunc
                0x102ddc64       0xd8
 .text.ql_InitVFunc
                0x102ddc64       0xd8 C:\Users\Admin\Documents\Quectel\M66_OpenCPU_GS3_SDK_V2.4_Eclipse\libs\gcc\libapp_start.a(ql_main.o)
                0x102ddc64                ql_InitVFunc

.text.ocpu_main
                0x102ddd3c       0xf0
 .text.ocpu_main
                0x102ddd3c       0xf0 C:\Users\Admin\Documents\Quectel\M66_OpenCPU_GS3_SDK_V2.4_Eclipse\libs\gcc\libapp_start.a(ql_main.o)
                0x102ddd3c                ocpu_main

.text.proc_reserved2
                0x102dde2c       0x70
 .text.proc_reserved2
                0x102dde2c       0x70 C:\Users\Admin\Documents\Quectel\M66_OpenCPU_GS3_SDK_V2.4_Eclipse\libs\gcc\libapp_start.a(ril_aux.o)
                0x102dde2c                proc_reserved2

.text.ril_StopATTimer
                0x102dde9c       0x34
 .text.ril_StopATTimer
                0x102dde9c       0x34 C:\Users\Admin\Documents\Quectel\M66_OpenCPU_GS3_SDK_V2.4_Eclipse\libs\gcc\libapp_start.a(ril_main.o)

.text.Callback_OnATTimer
                0x102dded0       0x4c
 .text.Callback_OnATTimer
                0x102dded0       0x4c C:\Users\Admin\Documents\Quectel\M66_OpenCPU_GS3_SDK_V2.4_Eclipse\libs\gcc\libapp_start.a(ril_main.o)

.text.CallBack_SerialPort_Hdlr
                0x102ddf1c      0x384
 .text.CallBack_SerialPort_Hdlr
                0x102ddf1c      0x384 C:\Users\Admin\Documents\Quectel\M66_OpenCPU_GS3_SDK_V2.4_Eclipse\libs\gcc\libapp_start.a(ril_main.o)

.text.proc_reserved1
                0x102de2a0      0x200
 .text.proc_reserved1
                0x102de2a0      0x200 C:\Users\Admin\Documents\Quectel\M66_OpenCPU_GS3_SDK_V2.4_Eclipse\libs\gcc\libapp_start.a(ril_main.o)
                0x102de2a0                proc_reserved1

.text.Ql_RIL_Initialize
                0x102de4a0       0xd4
 .text.Ql_RIL_Initialize
                0x102de4a0       0xd4 C:\Users\Admin\Documents\Quectel\M66_OpenCPU_GS3_SDK_V2.4_Eclipse\libs\gcc\libapp_start.a(ril_main.o)
                0x102de4a0                Ql_RIL_Initialize

.text.Ql_RIL_SendATCmd
                0x102de574      0x260
 .text.Ql_RIL_SendATCmd
                0x102de574      0x260 C:\Users\Admin\Documents\Quectel\M66_OpenCPU_GS3_SDK_V2.4_Eclipse\libs\gcc\libapp_start.a(ril_main.o)
                0x102de574                Ql_RIL_SendATCmd

.text.Ql_RIL_WriteDataToCore
                0x102de7d4       0x24
 .text.Ql_RIL_WriteDataToCore
                0x102de7d4       0x24 C:\Users\Admin\Documents\Quectel\M66_OpenCPU_GS3_SDK_V2.4_Eclipse\libs\gcc\libapp_start.a(ril_main.o)
                0x102de7d4                Ql_RIL_WriteDataToCore

.text.Ql_atof   0x102de7f8       0x98
 .text.Ql_atof  0x102de7f8       0x98 C:\Users\Admin\Documents\Quectel\M66_OpenCPU_GS3_SDK_V2.4_Eclipse\libs\gcc\libapp_start.a(stdlib_func.o)
                0x102de7f8                Ql_atof

.text.Ql_strcpy
                0x102de890       0xa0
 .text.Ql_strcpy
                0x102de890       0xa0 C:\Users\Admin\Documents\Quectel\M66_OpenCPU_GS3_SDK_V2.4_Eclipse\libs\gcc\libapp_start.a(stdlib_func.o)
                0x102de890                Ql_strcpy

.text.Ql_strncpy
                0x102de930       0x88
 .text.Ql_strncpy
                0x102de930       0x88 C:\Users\Admin\Documents\Quectel\M66_OpenCPU_GS3_SDK_V2.4_Eclipse\libs\gcc\libapp_start.a(stdlib_func.o)
                0x102de930                Ql_strncpy

.text.Ql_strlen
                0x102de9b8       0x78
 .text.Ql_strlen
                0x102de9b8       0x78 C:\Users\Admin\Documents\Quectel\M66_OpenCPU_GS3_SDK_V2.4_Eclipse\libs\gcc\libapp_start.a(stdlib_func.o)
                0x102de9b8                Ql_strlen

.text.Ql_strcmp
                0x102dea30       0x68
 .text.Ql_strcmp
                0x102dea30       0x68 C:\Users\Admin\Documents\Quectel\M66_OpenCPU_GS3_SDK_V2.4_Eclipse\libs\gcc\libapp_start.a(stdlib_func.o)
                0x102dea30                Ql_strcmp

.text.Ql_strncmp
                0x102dea98       0x70
 .text.Ql_strncmp
                0x102dea98       0x70 C:\Users\Admin\Documents\Quectel\M66_OpenCPU_GS3_SDK_V2.4_Eclipse\libs\gcc\libapp_start.a(stdlib_func.o)
                0x102dea98                Ql_strncmp

.text.Ql_memset
                0x102deb08       0x88
 .text.Ql_memset
                0x102deb08       0x88 C:\Users\Admin\Documents\Quectel\M66_OpenCPU_GS3_SDK_V2.4_Eclipse\libs\gcc\libapp_start.a(stdlib_func.o)
                0x102deb08                Ql_memset

.text.Ql_memcpy
                0x102deb90       0x88
 .text.Ql_memcpy
                0x102deb90       0x88 C:\Users\Admin\Documents\Quectel\M66_OpenCPU_GS3_SDK_V2.4_Eclipse\libs\gcc\libapp_start.a(stdlib_func.o)
                0x102deb90                Ql_memcpy

.text.Ql_strstr
                0x102dec18       0x80
 .text.Ql_strstr
                0x102dec18       0x80 C:\Users\Admin\Documents\Quectel\M66_OpenCPU_GS3_SDK_V2.4_Eclipse\libs\gcc\libapp_start.a(stdlib_func.o)
                0x102dec18                Ql_strstr

.text.Ql_toupper
                0x102dec98        0x8
 .text.Ql_toupper
                0x102dec98        0x8 C:\Users\Admin\Documents\Quectel\M66_OpenCPU_GS3_SDK_V2.4_Eclipse\libs\gcc\libapp_start.a(stdlib_func.o)
                0x102dec98                Ql_toupper

.text.Ql_atoi   0x102deca0       0x84
 .text.Ql_atoi  0x102deca0       0x84 C:\Users\Admin\Documents\Quectel\M66_OpenCPU_GS3_SDK_V2.4_Eclipse\libs\gcc\libapp_start.a(stdlib_func.o)
                0x102deca0                Ql_atoi

.text.Ql_Sleep  0x102ded24       0x74
 .text.Ql_Sleep
                0x102ded24       0x74 C:\Users\Admin\Documents\Quectel\M66_OpenCPU_GS3_SDK_V2.4_Eclipse\libs\gcc\libapp_start.a(system.o)
                0x102ded24                Ql_Sleep

.text.Ql_GetSDKVer
                0x102ded98       0x64
 .text.Ql_GetSDKVer
                0x102ded98       0x64 C:\Users\Admin\Documents\Quectel\M66_OpenCPU_GS3_SDK_V2.4_Eclipse\libs\gcc\libapp_start.a(system.o)
                0x102ded98                Ql_GetSDKVer

.text.Ql_OS_GetMessage
                0x102dedfc       0x60
 .text.Ql_OS_GetMessage
                0x102dedfc       0x60 C:\Users\Admin\Documents\Quectel\M66_OpenCPU_GS3_SDK_V2.4_Eclipse\libs\gcc\libapp_start.a(taskMngt.o)
                0x102dedfc                Ql_OS_GetMessage

.text.Ql_OS_SendMessage
                0x102dee5c       0x78
 .text.Ql_OS_SendMessage
                0x102dee5c       0x78 C:\Users\Admin\Documents\Quectel\M66_OpenCPU_GS3_SDK_V2.4_Eclipse\libs\gcc\libapp_start.a(taskMngt.o)
                0x102dee5c                Ql_OS_SendMessage

.text.Ql_OS_CreateMutex
                0x102deed4       0x54
 .text.Ql_OS_CreateMutex
                0x102deed4       0x54 C:\Users\Admin\Documents\Quectel\M66_OpenCPU_GS3_SDK_V2.4_Eclipse\libs\gcc\libapp_start.a(taskMngt.o)
                0x102deed4                Ql_OS_CreateMutex

.text.Ql_OS_TakeMutex
                0x102def28       0x54
 .text.Ql_OS_TakeMutex
                0x102def28       0x54 C:\Users\Admin\Documents\Quectel\M66_OpenCPU_GS3_SDK_V2.4_Eclipse\libs\gcc\libapp_start.a(taskMngt.o)
                0x102def28                Ql_OS_TakeMutex

.text.Ql_OS_GiveMutex
                0x102def7c       0x54
 .text.Ql_OS_GiveMutex
                0x102def7c       0x54 C:\Users\Admin\Documents\Quectel\M66_OpenCPU_GS3_SDK_V2.4_Eclipse\libs\gcc\libapp_start.a(taskMngt.o)
                0x102def7c                Ql_OS_GiveMutex

.text.Ql_OS_CreateEvent
                0x102defd0       0x54
 .text.Ql_OS_CreateEvent
                0x102defd0       0x54 C:\Users\Admin\Documents\Quectel\M66_OpenCPU_GS3_SDK_V2.4_Eclipse\libs\gcc\libapp_start.a(taskMngt.o)
                0x102defd0                Ql_OS_CreateEvent

.text.Ql_OS_WaitEvent
                0x102df024       0x68
 .text.Ql_OS_WaitEvent
                0x102df024       0x68 C:\Users\Admin\Documents\Quectel\M66_OpenCPU_GS3_SDK_V2.4_Eclipse\libs\gcc\libapp_start.a(taskMngt.o)
                0x102df024                Ql_OS_WaitEvent

.text.Ql_OS_SetEvent
                0x102df08c       0x68
 .text.Ql_OS_SetEvent
                0x102df08c       0x68 C:\Users\Admin\Documents\Quectel\M66_OpenCPU_GS3_SDK_V2.4_Eclipse\libs\gcc\libapp_start.a(taskMngt.o)
                0x102df08c                Ql_OS_SetEvent

.text.Ql_Timer_Register
                0x102df0f4       0x70
 .text.Ql_Timer_Register
                0x102df0f4       0x70 C:\Users\Admin\Documents\Quectel\M66_OpenCPU_GS3_SDK_V2.4_Eclipse\libs\gcc\libapp_start.a(timer.o)
                0x102df0f4                Ql_Timer_Register

.text.Ql_Timer_Start
                0x102df164       0x70
 .text.Ql_Timer_Start
                0x102df164       0x70 C:\Users\Admin\Documents\Quectel\M66_OpenCPU_GS3_SDK_V2.4_Eclipse\libs\gcc\libapp_start.a(timer.o)
                0x102df164                Ql_Timer_Start

.text.Ql_Timer_Stop
                0x102df1d4       0x60
 .text.Ql_Timer_Stop
                0x102df1d4       0x60 C:\Users\Admin\Documents\Quectel\M66_OpenCPU_GS3_SDK_V2.4_Eclipse\libs\gcc\libapp_start.a(timer.o)
                0x102df1d4                Ql_Timer_Stop

.text.Ql_UART_Register
                0x102df234       0x70
 .text.Ql_UART_Register
                0x102df234       0x70 C:\Users\Admin\Documents\Quectel\M66_OpenCPU_GS3_SDK_V2.4_Eclipse\libs\gcc\libapp_start.a(uart.o)
                0x102df234                Ql_UART_Register

.text.Ql_UART_Open
                0x102df2a4       0x70
 .text.Ql_UART_Open
                0x102df2a4       0x70 C:\Users\Admin\Documents\Quectel\M66_OpenCPU_GS3_SDK_V2.4_Eclipse\libs\gcc\libapp_start.a(uart.o)
                0x102df2a4                Ql_UART_Open

.text.Ql_UART_Write
                0x102df314       0x70
 .text.Ql_UART_Write
                0x102df314       0x70 C:\Users\Admin\Documents\Quectel\M66_OpenCPU_GS3_SDK_V2.4_Eclipse\libs\gcc\libapp_start.a(uart.o)
                0x102df314                Ql_UART_Write

.text.Ql_UART_Read
                0x102df384       0x70
 .text.Ql_UART_Read
                0x102df384       0x70 C:\Users\Admin\Documents\Quectel\M66_OpenCPU_GS3_SDK_V2.4_Eclipse\libs\gcc\libapp_start.a(uart.o)
                0x102df384                Ql_UART_Read

.text.Ql_UART_GetPinStatus
                0x102df3f4       0x68
 .text.Ql_UART_GetPinStatus
                0x102df3f4       0x68 C:\Users\Admin\Documents\Quectel\M66_OpenCPU_GS3_SDK_V2.4_Eclipse\libs\gcc\libapp_start.a(uart.o)
                0x102df3f4                Ql_UART_GetPinStatus

.text.Ql_UART_SendEscap
                0x102df45c       0x60
 .text.Ql_UART_SendEscap
                0x102df45c       0x60 C:\Users\Admin\Documents\Quectel\M66_OpenCPU_GS3_SDK_V2.4_Eclipse\libs\gcc\libapp_start.a(uart.o)
                0x102df45c                Ql_UART_SendEscap

.rodata         0x102df4c0     0x1c00
 *(.rodata)
 .rodata        0x102df4c0      0x11c ./ril/src/ril_bluetooth.o
 .rodata        0x102df5dc       0x1c ./ril/src/ril_dtmf.o
 .rodata        0x102df5f8       0x10 ./ril/src/ril_location.o
 .rodata        0x102df608        0xc ./ril/src/ril_ntp.o
 .rodata        0x102df614       0x48 ./ril/src/ril_sim.o
 .rodata        0x102df65c      0x888 ./ril/src/ril_urc.o
 .rodata        0x102dfee4       0x5c ./custom/config/custom_sys_cfg.o
                0x102dfee8                SystemCfg
 .rodata        0x102dff40       0x54 ./custom/config/sys_config.o
                0x102dff40                GpioConfigTbl
                0x102dff44                TaskConfig
 .rodata        0x102dff94       0x16 C:\Users\Admin\Documents\Quectel\M66_OpenCPU_GS3_SDK_V2.4_Eclipse\libs\gcc\libapp_start.a(ql_main.o)
 .rodata        0x102dffaa        0x4 C:\Users\Admin\Documents\Quectel\M66_OpenCPU_GS3_SDK_V2.4_Eclipse\libs\gcc\libapp_start.a(ril_main.o)
 .rodata        0x102dffae       0x1b C:\Users\Admin\Documents\Quectel\M66_OpenCPU_GS3_SDK_V2.4_Eclipse\libs\gcc\libapp_start.a(system.o)
 *fill*         0x102dffc9        0x3 
 .rodata        0x102dffcc      0x104 C:\Users\Admin\CodeSourcery\Sourcery_CodeBench_Lite_for_ARM_EABI\arm-none-eabi\lib\thumb\libc.a(lib_a-ctype_.o)
                0x102dffcc                _ctype_
 .rodata        0x102e00d0       0xf8 C:\Users\Admin\CodeSourcery\Sourcery_CodeBench_Lite_for_ARM_EABI\arm-none-eabi\lib\thumb\libc.a(lib_a-strtod.o)
 .rodata        0x102e01c8      0x184 C:\Users\Admin\CodeSourcery\Sourcery_CodeBench_Lite_for_ARM_EABI\arm-none-eabi\lib\thumb\libc.a(lib_a-svfprintf.o)
 .rodata        0x102e034c      0x47c C:\Users\Admin\CodeSourcery\Sourcery_CodeBench_Lite_for_ARM_EABI\arm-none-eabi\lib\thumb\libc.a(lib_a-svfscanf.o)
 .rodata        0x102e07c8      0x184 C:\Users\Admin\CodeSourcery\Sourcery_CodeBench_Lite_for_ARM_EABI\arm-none-eabi\lib\thumb\libc.a(lib_a-vfprintf.o)
 .rodata        0x102e094c        0x4 C:\Users\Admin\CodeSourcery\Sourcery_CodeBench_Lite_for_ARM_EABI\arm-none-eabi\lib\thumb\libc.a(lib_a-impure.o)
                0x102e094c                _global_impure_ptr
 .rodata        0x102e0950      0x128 C:\Users\Admin\CodeSourcery\Sourcery_CodeBench_Lite_for_ARM_EABI\arm-none-eabi\lib\thumb\libc.a(lib_a-mprec.o)
                0x102e0960                __mprec_tens
                0x102e0a28                __mprec_tinytens
                0x102e0a50                __mprec_bigtens
 .rodata        0x102e0a78      0x184 C:\Users\Admin\CodeSourcery\Sourcery_CodeBench_Lite_for_ARM_EABI\arm-none-eabi\lib\thumb\libc.a(lib_a-svfiprintf.o)
 .rodata        0x102e0bfc      0x340 C:\Users\Admin\CodeSourcery\Sourcery_CodeBench_Lite_for_ARM_EABI\arm-none-eabi\lib\thumb\libc.a(lib_a-svfiscanf.o)
 .rodata        0x102e0f3c      0x184 C:\Users\Admin\CodeSourcery\Sourcery_CodeBench_Lite_for_ARM_EABI\arm-none-eabi\lib\thumb\libc.a(lib_a-vfiprintf.o)

.rodata.str1.4  0x102e10c0      0xc60
 .rodata.str1.4
                0x102e10c0       0x34 ./ril/src/ril_atResponse.o
 .rodata.str1.4
                0x102e10f4      0x51c ./ril/src/ril_bluetooth.o
                                0x544 (size before relaxing)
 .rodata.str1.4
                0x102e1610       0xc3 ./ril/src/ril_dtmf.o
                                 0xdc (size before relaxing)
 *fill*         0x102e16d3        0x1 
 .rodata.str1.4
                0x102e16d4       0x57 ./ril/src/ril_init.o
                                 0x58 (size before relaxing)
 *fill*         0x102e172b        0x1 
 .rodata.str1.4
                0x102e172c       0x92 ./ril/src/ril_location.o
                                 0xdc (size before relaxing)
 *fill*         0x102e17be        0x2 
 .rodata.str1.4
                0x102e17c0       0x12 ./ril/src/ril_ntp.o
                                 0x14 (size before relaxing)
 *fill*         0x102e17d2        0x2 
 .rodata.str1.4
                0x102e17d4       0xa4 ./ril/src/ril_sim.o
                                 0xc8 (size before relaxing)
 .rodata.str1.4
                0x102e1878      0x18c ./ril/src/ril_urc.o
                                0x194 (size before relaxing)
 .rodata.str1.4
                0x102e1a04       0x15 ./ril/src/ril_util.o
                                 0x20 (size before relaxing)
 *fill*         0x102e1a19        0x3 
 .rodata.str1.4
                0x102e1a1c       0x48 ./custom/App/cJSON/cJSON.o
                                 0x4c (size before relaxing)
 .rodata.str1.4
                0x102e1a64       0x45 ./custom/App/Charger_JSON/Charger_Json.o
                                 0x48 (size before relaxing)
 *fill*         0x102e1aa9        0x3 
 .rodata.str1.4
                0x102e1aac      0x1c1 ./custom/App/Bluetooth_Configuration/BT_Configuration.o
                                0x1d4 (size before relaxing)
 *fill*         0x102e1c6d        0x3 
 .rodata.str1.4
                0x102e1c70       0x19 ./custom/main.o
                                 0x1c (size before relaxing)
 *fill*         0x102e1c89        0x3 
 .rodata.str1.4
                0x102e1c8c        0xf C:\Users\Admin\CodeSourcery\Sourcery_CodeBench_Lite_for_ARM_EABI\arm-none-eabi\lib\thumb\libc.a(lib_a-strtod.o)
                                 0x10 (size before relaxing)
 *fill*         0x102e1c9b        0x1 
 .rodata.str1.4
                0x102e1c9c       0x3f C:\Users\Admin\CodeSourcery\Sourcery_CodeBench_Lite_for_ARM_EABI\arm-none-eabi\lib\thumb\libc.a(lib_a-svfprintf.o)
                                 0x44 (size before relaxing)
 *fill*         0x102e1cdb        0x1 
 .rodata.str1.4
                0x102e1cdc        0x5 C:\Users\Admin\CodeSourcery\Sourcery_CodeBench_Lite_for_ARM_EABI\arm-none-eabi\lib\thumb\libc.a(lib_a-svfscanf.o)
                                  0x8 (size before relaxing)
 .rodata.str1.4
                0x00000000       0x44 C:\Users\Admin\CodeSourcery\Sourcery_CodeBench_Lite_for_ARM_EABI\arm-none-eabi\lib\thumb\libc.a(lib_a-vfprintf.o)
 *fill*         0x102e1ce1        0x3 
 .rodata.str1.4
                0x102e1ce4       0x10 C:\Users\Admin\CodeSourcery\Sourcery_CodeBench_Lite_for_ARM_EABI\arm-none-eabi\lib\thumb\libc.a(lib_a-dtoa.o)
                                 0x14 (size before relaxing)
 .rodata.str1.4
                0x102e1cf4       0x1b C:\Users\Admin\CodeSourcery\Sourcery_CodeBench_Lite_for_ARM_EABI\arm-none-eabi\lib\thumb\libc.a(lib_a-gdtoa-gethex.o)
                                 0x1c (size before relaxing)
 *fill*         0x102e1d0f        0x1 
 .rodata.str1.4
                0x102e1d10        0x2 C:\Users\Admin\CodeSourcery\Sourcery_CodeBench_Lite_for_ARM_EABI\arm-none-eabi\lib\thumb\libc.a(lib_a-impure.o)
                                  0x4 (size before relaxing)
 *fill*         0x102e1d12        0x2 
 .rodata.str1.4
                0x102e1d14        0xc C:\Users\Admin\CodeSourcery\Sourcery_CodeBench_Lite_for_ARM_EABI\arm-none-eabi\lib\thumb\libc.a(lib_a-locale.o)
                                 0x14 (size before relaxing)
 .rodata.str1.4
                0x00000000        0x4 C:\Users\Admin\CodeSourcery\Sourcery_CodeBench_Lite_for_ARM_EABI\arm-none-eabi\lib\thumb\libc.a(lib_a-mbrtowc.o)
 .rodata.str1.4
                0x00000000       0x30 C:\Users\Admin\CodeSourcery\Sourcery_CodeBench_Lite_for_ARM_EABI\arm-none-eabi\lib\thumb\libc.a(lib_a-svfiprintf.o)
 .rodata.str1.4
                0x00000000       0x30 C:\Users\Admin\CodeSourcery\Sourcery_CodeBench_Lite_for_ARM_EABI\arm-none-eabi\lib\thumb\libc.a(lib_a-vfiprintf.o)

.rodata.str1.1  0x102e1d20      0x4f0
 .rodata.str1.1
                0x102e1d20       0x9a C:\Users\Admin\Documents\Quectel\M66_OpenCPU_GS3_SDK_V2.4_Eclipse\libs\gcc\libapp_start.a(gpio.o)
 .rodata.str1.1
                0x102e1dba       0x19 C:\Users\Admin\Documents\Quectel\M66_OpenCPU_GS3_SDK_V2.4_Eclipse\libs\gcc\libapp_start.a(memory.o)
 .rodata.str1.1
                0x102e1dd3       0x56 C:\Users\Admin\Documents\Quectel\M66_OpenCPU_GS3_SDK_V2.4_Eclipse\libs\gcc\libapp_start.a(ql_main.o)
 .rodata.str1.1
                0x102e1e29       0x1e C:\Users\Admin\Documents\Quectel\M66_OpenCPU_GS3_SDK_V2.4_Eclipse\libs\gcc\libapp_start.a(ril_main.o)
                                 0x25 (size before relaxing)
 .rodata.str1.1
                0x102e1e47       0xe8 C:\Users\Admin\Documents\Quectel\M66_OpenCPU_GS3_SDK_V2.4_Eclipse\libs\gcc\libapp_start.a(stdlib_func.o)
 .rodata.str1.1
                0x102e1f2f       0x3d C:\Users\Admin\Documents\Quectel\M66_OpenCPU_GS3_SDK_V2.4_Eclipse\libs\gcc\libapp_start.a(system.o)
 .rodata.str1.1
                0x102e1f6c      0x157 C:\Users\Admin\Documents\Quectel\M66_OpenCPU_GS3_SDK_V2.4_Eclipse\libs\gcc\libapp_start.a(taskMngt.o)
 .rodata.str1.1
                0x102e20c3       0x45 C:\Users\Admin\Documents\Quectel\M66_OpenCPU_GS3_SDK_V2.4_Eclipse\libs\gcc\libapp_start.a(timer.o)
 .rodata.str1.1
                0x102e2108      0x108 C:\Users\Admin\Documents\Quectel\M66_OpenCPU_GS3_SDK_V2.4_Eclipse\libs\gcc\libapp_start.a(uart.o)

.ARM.exidx      0x102e2210        0x8
 .ARM.exidx     0x102e2210        0x8 C:\Users\Admin\CodeSourcery\Sourcery_CodeBench_Lite_for_ARM_EABI\lib\gcc\arm-none-eabi\4.7.2\thumb\libgcc.a(_divdi3.o)
 .ARM.exidx     0x102e2218        0x0 C:\Users\Admin\CodeSourcery\Sourcery_CodeBench_Lite_for_ARM_EABI\lib\gcc\arm-none-eabi\4.7.2\thumb\libgcc.a(_udivdi3.o)
                                  0x8 (size before relaxing)

.rel.dyn        0x102e2218        0x0
 .rel.iplt      0x00000000        0x0 ./ril/src/ril_alarm.o

.data           0xf03d2000      0x950 load address 0x102e2218
                0x102e2218                PROVIDE (__data_load, LOADADDR (.data))
                0xf03d2000                PROVIDE (__data_start, .)
 *(.data)
 .data          0xf03d2000        0x1 ./ril/src/ril_bluetooth.o
 *fill*         0xf03d2001        0x3 
 .data          0xf03d2004       0x20 ./ril/src/ril_init.o
                0xf03d2004                g_LimitedCmds
                0xf03d200c                g_InitCmds
 .data          0xf03d2024        0xc ./custom/App/cJSON/cJSON.o
 .data          0xf03d2030       0x18 C:\Users\Admin\Documents\Quectel\M66_OpenCPU_GS3_SDK_V2.4_Eclipse\libs\gcc\libapp_start.a(ql_func.o)
                0xf03d2030                api_notsup
 .data          0xf03d2048        0x4 C:\Users\Admin\Documents\Quectel\M66_OpenCPU_GS3_SDK_V2.4_Eclipse\libs\gcc\libapp_start.a(ril_aux.o)
                0xf03d2048                g_ril_auxTaskId
 .data          0xf03d204c       0x10 C:\Users\Admin\Documents\Quectel\M66_OpenCPU_GS3_SDK_V2.4_Eclipse\libs\gcc\libapp_start.a(ril_main.o)
 .data          0xf03d205c        0x4 C:\Users\Admin\CodeSourcery\Sourcery_CodeBench_Lite_for_ARM_EABI\arm-none-eabi\lib\thumb\libc.a(lib_a-ctype_.o)
                0xf03d205c                __ctype_ptr__
 .data          0xf03d2060      0x410 C:\Users\Admin\CodeSourcery\Sourcery_CodeBench_Lite_for_ARM_EABI\arm-none-eabi\lib\thumb\libc.a(lib_a-mallocr.o)
                0xf03d2060                __malloc_av_
                0xf03d2468                __malloc_sbrk_base
                0xf03d246c                __malloc_trim_threshold
 .data          0xf03d2470       0x28 C:\Users\Admin\CodeSourcery\Sourcery_CodeBench_Lite_for_ARM_EABI\arm-none-eabi\lib\thumb\libc.a(lib_a-strtod.o)
 .data          0xf03d2498      0x430 C:\Users\Admin\CodeSourcery\Sourcery_CodeBench_Lite_for_ARM_EABI\arm-none-eabi\lib\thumb\libc.a(lib_a-impure.o)
                0xf03d2498                _impure_ptr
 .data          0xf03d28c8       0x7c C:\Users\Admin\CodeSourcery\Sourcery_CodeBench_Lite_for_ARM_EABI\arm-none-eabi\lib\thumb\libc.a(lib_a-locale.o)
                0xf03d28e8                __mb_cur_max
 .data          0xf03d2944        0x4 C:\Users\Admin\CodeSourcery\Sourcery_CodeBench_Lite_for_ARM_EABI\arm-none-eabi\lib\thumb\libc.a(lib_a-mbtowc_r.o)
                0xf03d2944                __mbtowc
 .data          0xf03d2948        0x4 C:\Users\Admin\CodeSourcery\Sourcery_CodeBench_Lite_for_ARM_EABI\arm-none-eabi\lib\thumb\libc.a(lib_a-wctomb_r.o)
                0xf03d2948                __wctomb
                0xf03d2950                . = ALIGN (0x8)
 *fill*         0xf03d294c        0x4 
                0xf03d2950                PROVIDE (_edata, .)

.igot.plt       0xf03d2950        0x0 load address 0x102e2b68
 .igot.plt      0x00000000        0x0 ./ril/src/ril_alarm.o

.bss            0xf03d2950     0x1d88 load address 0x102e2b68
                0xf03d2950                PROVIDE (__bss_start__, .)
 *(.bss)
 .bss           0xf03d2950        0x4 ./ril/src/ril_atResponse.o
 .bss           0xf03d2954        0x4 ./ril/src/ril_audio.o
                0xf03d2954                cb_aud_play
 .bss           0xf03d2958       0x98 ./ril/src/ril_bluetooth.o
 .bss           0xf03d29f0        0x4 ./ril/src/ril_custom.o
                0xf03d29f0                cb_rcvCoreData
 .bss           0xf03d29f4       0x10 ./ril/src/ril_dtmf.o
 .bss           0xf03d2a04       0x18 ./ril/src/ril_http.o
                0xf03d2a08                http_url_addr
                0xf03d2a0c                http_url_addr_len
                0xf03d2a10                http_post_msg
                0xf03d2a14                http_post_msg_len
                0xf03d2a18                callback_http_dwnld
 .bss           0xf03d2a1c        0x4 ./ril/src/ril_location.o
 .bss           0xf03d2a20        0x4 ./ril/src/ril_ntp.o
 .bss           0xf03d2a24        0x8 ./ril/src/ril_urc.o
                0xf03d2a24                FtpGet_IND_CB
                0xf03d2a28                FtpPut_IND_CB
 .bss           0xf03d2a2c       0x18 ./custom/App/cJSON/cJSON.o
 .bss           0xf03d2a44      0x808 ./custom/App/Bluetooth_Configuration/BT_Configuration.o
                0xf03d3244                pstNewBtdev
                0xf03d3248                pstconBtdev
 .bss           0xf03d324c       0x20 C:\Users\Admin\Documents\Quectel\M66_OpenCPU_GS3_SDK_V2.4_Eclipse\libs\gcc\libapp_start.a(gpio.o)
                0xf03d324c                m_GPIO_Init
                0xf03d3250                m_GPIO_SetLevel
                0xf03d3254                m_GPIO_GetLevel
                0xf03d3258                m_GPIO_SetDirection
                0xf03d325c                m_GPIO_GetDirection
                0xf03d3260                m_GPIO_SetPullSelection
                0xf03d3264                m_GPIO_GetPullSelection
                0xf03d3268                m_GPIO_Uninit
 .bss           0xf03d326c        0x8 C:\Users\Admin\Documents\Quectel\M66_OpenCPU_GS3_SDK_V2.4_Eclipse\libs\gcc\libapp_start.a(memory.o)
 .bss           0xf03d3274       0x24 C:\Users\Admin\Documents\Quectel\M66_OpenCPU_GS3_SDK_V2.4_Eclipse\libs\gcc\libapp_start.a(ql_func.o)
                0xf03d3274                m_StartPlayAudioStream
                0xf03d3278                m_get_api_ptr
                0xf03d327c                m_StopPlayAudioStream
                0xf03d3280                m_GetRelativeTime_Counter
                0xf03d3284                m_SecondToTicks
                0xf03d3288                m_MillisecondToTicks
                0xf03d328c                m_CalendarTime2LocalTime
                0xf03d3290                m_osChangeTaskPriority
                0xf03d3294                m_create_api_hash
 .bss           0xf03d3298       0x10 C:\Users\Admin\Documents\Quectel\M66_OpenCPU_GS3_SDK_V2.4_Eclipse\libs\gcc\libapp_start.a(ql_main.o)
                0xf03d329c                runinfo
 .bss           0xf03d32a8        0x1 C:\Users\Admin\Documents\Quectel\M66_OpenCPU_GS3_SDK_V2.4_Eclipse\libs\gcc\libapp_start.a(ril_aux.o)
                0xf03d32a8                g_ril_auxTaskReady
 *fill*         0xf03d32a9        0x3 
 .bss           0xf03d32ac      0xc34 C:\Users\Admin\Documents\Quectel\M66_OpenCPU_GS3_SDK_V2.4_Eclipse\libs\gcc\libapp_start.a(ril_main.o)
 .bss           0xf03d3ee0       0x5c C:\Users\Admin\Documents\Quectel\M66_OpenCPU_GS3_SDK_V2.4_Eclipse\libs\gcc\libapp_start.a(stdlib_func.o)
 .bss           0xf03d3f3c       0x14 C:\Users\Admin\Documents\Quectel\M66_OpenCPU_GS3_SDK_V2.4_Eclipse\libs\gcc\libapp_start.a(system.o)
 .bss           0xf03d3f50       0x44 C:\Users\Admin\Documents\Quectel\M66_OpenCPU_GS3_SDK_V2.4_Eclipse\libs\gcc\libapp_start.a(taskMngt.o)
 .bss           0xf03d3f94       0x10 C:\Users\Admin\Documents\Quectel\M66_OpenCPU_GS3_SDK_V2.4_Eclipse\libs\gcc\libapp_start.a(timer.o)
 .bss           0xf03d3fa4       0x3c C:\Users\Admin\Documents\Quectel\M66_OpenCPU_GS3_SDK_V2.4_Eclipse\libs\gcc\libapp_start.a(uart.o)
 .bss           0xf03d3fe0       0x34 C:\Users\Admin\CodeSourcery\Sourcery_CodeBench_Lite_for_ARM_EABI\arm-none-eabi\lib\thumb\libc.a(lib_a-mallocr.o)
                0xf03d3fe0                __malloc_top_pad
                0xf03d3fe4                __malloc_current_mallinfo
                0xf03d400c                __malloc_max_sbrked_mem
                0xf03d4010                __malloc_max_total_mem
                0xf03d4018                . = ALIGN (0x8)
 *fill*         0xf03d4014        0x4 
                0xf03d4018                PROVIDE (__bss_end__, .)
 COMMON         0xf03d4018      0x124 ./ril/src/ril_telephony.o
                0xf03d4018                g_comingCall
 COMMON         0xf03d413c      0x488 ./custom/App/Bluetooth_Configuration/BT_Configuration.o
                0xf03d413c                pinCode
                0xf03d4144                Bluetooth
                0xf03d4560                BTSppDev1
                0xf03d459c                pSppRecHdl
 COMMON         0xf03d45c4       0x10 C:\Users\Admin\Documents\Quectel\M66_OpenCPU_GS3_SDK_V2.4_Eclipse\libs\gcc\libapp_start.a(ql_main.o)
                0xf03d45c4                Ql_snprintf
                0xf03d45c8                Ql_sprintf
                0xf03d45cc                Ql_Debug_Trace
                0xf03d45d0                Ql_sscanf
 COMMON         0xf03d45d4      0x100 C:\Users\Admin\CodeSourcery\Sourcery_CodeBench_Lite_for_ARM_EABI\arm-none-eabi\lib\thumb\libc.a(lib_a-gdtoa-gethex.o)
                0xf03d45d4                __hexdig
 COMMON         0xf03d46d4        0x4 C:\Users\Admin\CodeSourcery\Sourcery_CodeBench_Lite_for_ARM_EABI\arm-none-eabi\lib\thumb\libc.a(lib_a-reent.o)
                0xf03d46d4                errno
OUTPUT(APPGS3MDM32A01.elf elf32-littlearm)

.comment        0x00000000       0x30
 .comment       0x00000000       0x30 ./ril/src/ril_atResponse.o
                                 0x31 (size before relaxing)
 .comment       0x00000000       0x31 ./ril/src/ril_audio.o
 .comment       0x00000000       0x31 ./ril/src/ril_bluetooth.o
 .comment       0x00000000       0x31 ./ril/src/ril_custom.o
 .comment       0x00000000       0x31 ./ril/src/ril_dtmf.o
 .comment       0x00000000       0x31 ./ril/src/ril_http.o
 .comment       0x00000000       0x31 ./ril/src/ril_init.o
 .comment       0x00000000       0x31 ./ril/src/ril_location.o
 .comment       0x00000000       0x31 ./ril/src/ril_ntp.o
 .comment       0x00000000       0x31 ./ril/src/ril_sim.o
 .comment       0x00000000       0x31 ./ril/src/ril_telephony.o
 .comment       0x00000000       0x31 ./ril/src/ril_urc.o
 .comment       0x00000000       0x31 ./ril/src/ril_util.o
 .comment       0x00000000       0x31 ./custom/config/custom_sys_cfg.o
 .comment       0x00000000       0x31 ./custom/config/sys_config.o
 .comment       0x00000000       0x31 ./custom/App/cJSON/cJSON.o
 .comment       0x00000000       0x31 ./custom/App/Relay_Control/RelayControl.o
 .comment       0x00000000       0x31 ./custom/App/RGB-Control/RGB.o
 .comment       0x00000000       0x31 ./custom/App/Charger_JSON/Charger_Json.o
 .comment       0x00000000       0x31 ./custom/App/Bluetooth_Configuration/BT_Configuration.o
 .comment       0x00000000       0x31 ./custom/main.o
 .comment       0x00000000       0x31 C:\Users\Admin\Documents\Quectel\M66_OpenCPU_GS3_SDK_V2.4_Eclipse\libs\gcc\libapp_start.a(gpio.o)
 .comment       0x00000000       0x31 C:\Users\Admin\Documents\Quectel\M66_OpenCPU_GS3_SDK_V2.4_Eclipse\libs\gcc\libapp_start.a(memory.o)
 .comment       0x00000000       0x31 C:\Users\Admin\Documents\Quectel\M66_OpenCPU_GS3_SDK_V2.4_Eclipse\libs\gcc\libapp_start.a(ql_func.o)
 .comment       0x00000000       0x31 C:\Users\Admin\Documents\Quectel\M66_OpenCPU_GS3_SDK_V2.4_Eclipse\libs\gcc\libapp_start.a(ql_main.o)
 .comment       0x00000000       0x31 C:\Users\Admin\Documents\Quectel\M66_OpenCPU_GS3_SDK_V2.4_Eclipse\libs\gcc\libapp_start.a(ril_aux.o)
 .comment       0x00000000       0x31 C:\Users\Admin\Documents\Quectel\M66_OpenCPU_GS3_SDK_V2.4_Eclipse\libs\gcc\libapp_start.a(ril_main.o)
 .comment       0x00000000       0x31 C:\Users\Admin\Documents\Quectel\M66_OpenCPU_GS3_SDK_V2.4_Eclipse\libs\gcc\libapp_start.a(stdlib_func.o)
 .comment       0x00000000       0x31 C:\Users\Admin\Documents\Quectel\M66_OpenCPU_GS3_SDK_V2.4_Eclipse\libs\gcc\libapp_start.a(system.o)
 .comment       0x00000000       0x31 C:\Users\Admin\Documents\Quectel\M66_OpenCPU_GS3_SDK_V2.4_Eclipse\libs\gcc\libapp_start.a(taskMngt.o)
 .comment       0x00000000       0x31 C:\Users\Admin\Documents\Quectel\M66_OpenCPU_GS3_SDK_V2.4_Eclipse\libs\gcc\libapp_start.a(timer.o)
 .comment       0x00000000       0x31 C:\Users\Admin\Documents\Quectel\M66_OpenCPU_GS3_SDK_V2.4_Eclipse\libs\gcc\libapp_start.a(uart.o)

.ARM.attributes
                0x00000000       0x2b
 .ARM.attributes
                0x00000000       0x2b ./ril/src/ril_atResponse.o
 .ARM.attributes
                0x0000002b       0x2b ./ril/src/ril_audio.o
 .ARM.attributes
                0x00000056       0x2b ./ril/src/ril_bluetooth.o
 .ARM.attributes
                0x00000081       0x2b ./ril/src/ril_custom.o
 .ARM.attributes
                0x000000ac       0x2b ./ril/src/ril_dtmf.o
 .ARM.attributes
                0x000000d7       0x2b ./ril/src/ril_http.o
 .ARM.attributes
                0x00000102       0x2b ./ril/src/ril_init.o
 .ARM.attributes
                0x0000012d       0x2b ./ril/src/ril_location.o
 .ARM.attributes
                0x00000158       0x2b ./ril/src/ril_ntp.o
 .ARM.attributes
                0x00000183       0x2b ./ril/src/ril_sim.o
 .ARM.attributes
                0x000001ae       0x2b ./ril/src/ril_telephony.o
 .ARM.attributes
                0x000001d9       0x2b ./ril/src/ril_urc.o
 .ARM.attributes
                0x00000204       0x2b ./ril/src/ril_util.o
 .ARM.attributes
                0x0000022f       0x2b ./custom/config/custom_sys_cfg.o
 .ARM.attributes
                0x0000025a       0x2b ./custom/config/sys_config.o
 .ARM.attributes
                0x00000285       0x2b ./custom/App/cJSON/cJSON.o
 .ARM.attributes
                0x000002b0       0x2b ./custom/App/Relay_Control/RelayControl.o
 .ARM.attributes
                0x000002db       0x2b ./custom/App/RGB-Control/RGB.o
 .ARM.attributes
                0x00000306       0x2b ./custom/App/Charger_JSON/Charger_Json.o
 .ARM.attributes
                0x00000331       0x2b ./custom/App/Bluetooth_Configuration/BT_Configuration.o
 .ARM.attributes
                0x0000035c       0x2b ./custom/main.o
 .ARM.attributes
                0x00000387       0x2b C:\Users\Admin\Documents\Quectel\M66_OpenCPU_GS3_SDK_V2.4_Eclipse\libs\gcc\libapp_start.a(gpio.o)
 .ARM.attributes
                0x000003b2       0x2b C:\Users\Admin\Documents\Quectel\M66_OpenCPU_GS3_SDK_V2.4_Eclipse\libs\gcc\libapp_start.a(memory.o)
 .ARM.attributes
                0x000003dd       0x2b C:\Users\Admin\Documents\Quectel\M66_OpenCPU_GS3_SDK_V2.4_Eclipse\libs\gcc\libapp_start.a(ql_func.o)
 .ARM.attributes
                0x00000408       0x2b C:\Users\Admin\Documents\Quectel\M66_OpenCPU_GS3_SDK_V2.4_Eclipse\libs\gcc\libapp_start.a(ql_main.o)
 .ARM.attributes
                0x00000433       0x2b C:\Users\Admin\Documents\Quectel\M66_OpenCPU_GS3_SDK_V2.4_Eclipse\libs\gcc\libapp_start.a(ril_aux.o)
 .ARM.attributes
                0x0000045e       0x2b C:\Users\Admin\Documents\Quectel\M66_OpenCPU_GS3_SDK_V2.4_Eclipse\libs\gcc\libapp_start.a(ril_main.o)
 .ARM.attributes
                0x00000489       0x2b C:\Users\Admin\Documents\Quectel\M66_OpenCPU_GS3_SDK_V2.4_Eclipse\libs\gcc\libapp_start.a(stdlib_func.o)
 .ARM.attributes
                0x000004b4       0x2b C:\Users\Admin\Documents\Quectel\M66_OpenCPU_GS3_SDK_V2.4_Eclipse\libs\gcc\libapp_start.a(system.o)
 .ARM.attributes
                0x000004df       0x2b C:\Users\Admin\Documents\Quectel\M66_OpenCPU_GS3_SDK_V2.4_Eclipse\libs\gcc\libapp_start.a(taskMngt.o)
 .ARM.attributes
                0x0000050a       0x2b C:\Users\Admin\Documents\Quectel\M66_OpenCPU_GS3_SDK_V2.4_Eclipse\libs\gcc\libapp_start.a(timer.o)
 .ARM.attributes
                0x00000535       0x2b C:\Users\Admin\Documents\Quectel\M66_OpenCPU_GS3_SDK_V2.4_Eclipse\libs\gcc\libapp_start.a(uart.o)
 .ARM.attributes
                0x00000560       0x1d C:\Users\Admin\Documents\Quectel\M66_OpenCPU_GS3_SDK_V2.4_Eclipse\libs\gcc\libapp_start.a(ocpu_init.o)
 .ARM.attributes
                0x0000057d       0x30 C:\Users\Admin\CodeSourcery\Sourcery_CodeBench_Lite_for_ARM_EABI\arm-none-eabi\lib\thumb\libm.a(lib_a-s_fpclassify.o)
 .ARM.attributes
                0x000005ad       0x30 C:\Users\Admin\CodeSourcery\Sourcery_CodeBench_Lite_for_ARM_EABI\arm-none-eabi\lib\thumb\libc.a(lib_a-ctype_.o)
 .ARM.attributes
                0x000005dd       0x30 C:\Users\Admin\CodeSourcery\Sourcery_CodeBench_Lite_for_ARM_EABI\arm-none-eabi\lib\thumb\libc.a(lib_a-malloc.o)
 .ARM.attributes
                0x0000060d       0x30 C:\Users\Admin\CodeSourcery\Sourcery_CodeBench_Lite_for_ARM_EABI\arm-none-eabi\lib\thumb\libc.a(lib_a-mallocr.o)
 .ARM.attributes
                0x0000063d       0x30 C:\Users\Admin\CodeSourcery\Sourcery_CodeBench_Lite_for_ARM_EABI\arm-none-eabi\lib\thumb\libc.a(lib_a-memcpy.o)
 .ARM.attributes
                0x0000066d       0x30 C:\Users\Admin\CodeSourcery\Sourcery_CodeBench_Lite_for_ARM_EABI\arm-none-eabi\lib\thumb\libc.a(lib_a-memset.o)
 .ARM.attributes
                0x0000069d       0x30 C:\Users\Admin\CodeSourcery\Sourcery_CodeBench_Lite_for_ARM_EABI\arm-none-eabi\lib\thumb\libc.a(lib_a-mlock.o)
 .ARM.attributes
                0x000006cd       0x30 C:\Users\Admin\CodeSourcery\Sourcery_CodeBench_Lite_for_ARM_EABI\arm-none-eabi\lib\thumb\libc.a(lib_a-printf.o)
 .ARM.attributes
                0x000006fd       0x30 C:\Users\Admin\CodeSourcery\Sourcery_CodeBench_Lite_for_ARM_EABI\arm-none-eabi\lib\thumb\libc.a(lib_a-realloc.o)
 .ARM.attributes
                0x0000072d       0x30 C:\Users\Admin\CodeSourcery\Sourcery_CodeBench_Lite_for_ARM_EABI\arm-none-eabi\lib\thumb\libc.a(lib_a-reallocr.o)
 .ARM.attributes
                0x0000075d       0x30 C:\Users\Admin\CodeSourcery\Sourcery_CodeBench_Lite_for_ARM_EABI\arm-none-eabi\lib\thumb\libc.a(lib_a-sbrkr.o)
 .ARM.attributes
                0x0000078d       0x30 C:\Users\Admin\CodeSourcery\Sourcery_CodeBench_Lite_for_ARM_EABI\arm-none-eabi\lib\thumb\libc.a(lib_a-sprintf.o)
 .ARM.attributes
                0x000007bd       0x30 C:\Users\Admin\CodeSourcery\Sourcery_CodeBench_Lite_for_ARM_EABI\arm-none-eabi\lib\thumb\libc.a(lib_a-sscanf.o)
 .ARM.attributes
                0x000007ed       0x30 C:\Users\Admin\CodeSourcery\Sourcery_CodeBench_Lite_for_ARM_EABI\arm-none-eabi\lib\thumb\libc.a(lib_a-stdio.o)
 .ARM.attributes
                0x0000081d       0x30 C:\Users\Admin\CodeSourcery\Sourcery_CodeBench_Lite_for_ARM_EABI\arm-none-eabi\lib\thumb\libc.a(lib_a-strcmp.o)
 .ARM.attributes
                0x0000084d       0x30 C:\Users\Admin\CodeSourcery\Sourcery_CodeBench_Lite_for_ARM_EABI\arm-none-eabi\lib\thumb\libc.a(lib_a-strlen.o)
 .ARM.attributes
                0x0000087d       0x30 C:\Users\Admin\CodeSourcery\Sourcery_CodeBench_Lite_for_ARM_EABI\arm-none-eabi\lib\thumb\libc.a(lib_a-strncmp.o)
 .ARM.attributes
                0x000008ad       0x30 C:\Users\Admin\CodeSourcery\Sourcery_CodeBench_Lite_for_ARM_EABI\arm-none-eabi\lib\thumb\libc.a(lib_a-strtod.o)
 .ARM.attributes
                0x000008dd       0x30 C:\Users\Admin\CodeSourcery\Sourcery_CodeBench_Lite_for_ARM_EABI\arm-none-eabi\lib\thumb\libc.a(lib_a-svfprintf.o)
 .ARM.attributes
                0x0000090d       0x30 C:\Users\Admin\CodeSourcery\Sourcery_CodeBench_Lite_for_ARM_EABI\arm-none-eabi\lib\thumb\libc.a(lib_a-svfscanf.o)
 .ARM.attributes
                0x0000093d       0x30 C:\Users\Admin\CodeSourcery\Sourcery_CodeBench_Lite_for_ARM_EABI\arm-none-eabi\lib\thumb\libc.a(lib_a-vfprintf.o)
 .ARM.attributes
                0x0000096d       0x30 C:\Users\Admin\CodeSourcery\Sourcery_CodeBench_Lite_for_ARM_EABI\arm-none-eabi\lib\thumb\libc.a(lib_a-writer.o)
 .ARM.attributes
                0x0000099d       0x30 C:\Users\Admin\CodeSourcery\Sourcery_CodeBench_Lite_for_ARM_EABI\arm-none-eabi\lib\thumb\libc.a(lib_a-wsetup.o)
 .ARM.attributes
                0x000009cd       0x30 C:\Users\Admin\CodeSourcery\Sourcery_CodeBench_Lite_for_ARM_EABI\arm-none-eabi\lib\thumb\libc.a(lib_a-closer.o)
 .ARM.attributes
                0x000009fd       0x30 C:\Users\Admin\CodeSourcery\Sourcery_CodeBench_Lite_for_ARM_EABI\arm-none-eabi\lib\thumb\libc.a(lib_a-dtoa.o)
 .ARM.attributes
                0x00000a2d       0x30 C:\Users\Admin\CodeSourcery\Sourcery_CodeBench_Lite_for_ARM_EABI\arm-none-eabi\lib\thumb\libc.a(lib_a-fflush.o)
 .ARM.attributes
                0x00000a5d       0x30 C:\Users\Admin\CodeSourcery\Sourcery_CodeBench_Lite_for_ARM_EABI\arm-none-eabi\lib\thumb\libc.a(lib_a-findfp.o)
 .ARM.attributes
                0x00000a8d       0x30 C:\Users\Admin\CodeSourcery\Sourcery_CodeBench_Lite_for_ARM_EABI\arm-none-eabi\lib\thumb\libc.a(lib_a-freer.o)
 .ARM.attributes
                0x00000abd       0x30 C:\Users\Admin\CodeSourcery\Sourcery_CodeBench_Lite_for_ARM_EABI\arm-none-eabi\lib\thumb\libc.a(lib_a-fvwrite.o)
 .ARM.attributes
                0x00000aed       0x30 C:\Users\Admin\CodeSourcery\Sourcery_CodeBench_Lite_for_ARM_EABI\arm-none-eabi\lib\thumb\libc.a(lib_a-fwalk.o)
 .ARM.attributes
                0x00000b1d       0x30 C:\Users\Admin\CodeSourcery\Sourcery_CodeBench_Lite_for_ARM_EABI\arm-none-eabi\lib\thumb\libc.a(lib_a-gdtoa-gethex.o)
 .ARM.attributes
                0x00000b4d       0x30 C:\Users\Admin\CodeSourcery\Sourcery_CodeBench_Lite_for_ARM_EABI\arm-none-eabi\lib\thumb\libc.a(lib_a-gdtoa-hexnan.o)
 .ARM.attributes
                0x00000b7d       0x30 C:\Users\Admin\CodeSourcery\Sourcery_CodeBench_Lite_for_ARM_EABI\arm-none-eabi\lib\thumb\libc.a(lib_a-impure.o)
 .ARM.attributes
                0x00000bad       0x30 C:\Users\Admin\CodeSourcery\Sourcery_CodeBench_Lite_for_ARM_EABI\arm-none-eabi\lib\thumb\libc.a(lib_a-iswspace.o)
 .ARM.attributes
                0x00000bdd       0x30 C:\Users\Admin\CodeSourcery\Sourcery_CodeBench_Lite_for_ARM_EABI\arm-none-eabi\lib\thumb\libc.a(lib_a-locale.o)
 .ARM.attributes
                0x00000c0d       0x30 C:\Users\Admin\CodeSourcery\Sourcery_CodeBench_Lite_for_ARM_EABI\arm-none-eabi\lib\thumb\libc.a(lib_a-lseekr.o)
 .ARM.attributes
                0x00000c3d       0x30 C:\Users\Admin\CodeSourcery\Sourcery_CodeBench_Lite_for_ARM_EABI\arm-none-eabi\lib\thumb\libc.a(lib_a-makebuf.o)
 .ARM.attributes
                0x00000c6d       0x30 C:\Users\Admin\CodeSourcery\Sourcery_CodeBench_Lite_for_ARM_EABI\arm-none-eabi\lib\thumb\libc.a(lib_a-mbrtowc.o)
 .ARM.attributes
                0x00000c9d       0x30 C:\Users\Admin\CodeSourcery\Sourcery_CodeBench_Lite_for_ARM_EABI\arm-none-eabi\lib\thumb\libc.a(lib_a-mbtowc_r.o)
 .ARM.attributes
                0x00000ccd       0x30 C:\Users\Admin\CodeSourcery\Sourcery_CodeBench_Lite_for_ARM_EABI\arm-none-eabi\lib\thumb\libc.a(lib_a-memchr.o)
 .ARM.attributes
                0x00000cfd       0x30 C:\Users\Admin\CodeSourcery\Sourcery_CodeBench_Lite_for_ARM_EABI\arm-none-eabi\lib\thumb\libc.a(lib_a-memmove.o)
 .ARM.attributes
                0x00000d2d       0x30 C:\Users\Admin\CodeSourcery\Sourcery_CodeBench_Lite_for_ARM_EABI\arm-none-eabi\lib\thumb\libc.a(lib_a-mprec.o)
 .ARM.attributes
                0x00000d5d       0x30 C:\Users\Admin\CodeSourcery\Sourcery_CodeBench_Lite_for_ARM_EABI\arm-none-eabi\lib\thumb\libc.a(lib_a-readr.o)
 .ARM.attributes
                0x00000d8d       0x30 C:\Users\Admin\CodeSourcery\Sourcery_CodeBench_Lite_for_ARM_EABI\arm-none-eabi\lib\thumb\libc.a(lib_a-reent.o)
 .ARM.attributes
                0x00000dbd       0x30 C:\Users\Admin\CodeSourcery\Sourcery_CodeBench_Lite_for_ARM_EABI\arm-none-eabi\lib\thumb\libc.a(lib_a-sccl.o)
 .ARM.attributes
                0x00000ded       0x30 C:\Users\Admin\CodeSourcery\Sourcery_CodeBench_Lite_for_ARM_EABI\arm-none-eabi\lib\thumb\libc.a(lib_a-sf_nan.o)
 .ARM.attributes
                0x00000e1d       0x30 C:\Users\Admin\CodeSourcery\Sourcery_CodeBench_Lite_for_ARM_EABI\arm-none-eabi\lib\thumb\libc.a(lib_a-strtol.o)
 .ARM.attributes
                0x00000e4d       0x30 C:\Users\Admin\CodeSourcery\Sourcery_CodeBench_Lite_for_ARM_EABI\arm-none-eabi\lib\thumb\libc.a(lib_a-strtoll_r.o)
 .ARM.attributes
                0x00000e7d       0x30 C:\Users\Admin\CodeSourcery\Sourcery_CodeBench_Lite_for_ARM_EABI\arm-none-eabi\lib\thumb\libc.a(lib_a-strtoul.o)
 .ARM.attributes
                0x00000ead       0x30 C:\Users\Admin\CodeSourcery\Sourcery_CodeBench_Lite_for_ARM_EABI\arm-none-eabi\lib\thumb\libc.a(lib_a-strtoull_r.o)
 .ARM.attributes
                0x00000edd       0x30 C:\Users\Admin\CodeSourcery\Sourcery_CodeBench_Lite_for_ARM_EABI\arm-none-eabi\lib\thumb\libc.a(lib_a-svfiprintf.o)
 .ARM.attributes
                0x00000f0d       0x30 C:\Users\Admin\CodeSourcery\Sourcery_CodeBench_Lite_for_ARM_EABI\arm-none-eabi\lib\thumb\libc.a(lib_a-svfiscanf.o)
 .ARM.attributes
                0x00000f3d       0x30 C:\Users\Admin\CodeSourcery\Sourcery_CodeBench_Lite_for_ARM_EABI\arm-none-eabi\lib\thumb\libc.a(lib_a-ungetc.o)
 .ARM.attributes
                0x00000f6d       0x30 C:\Users\Admin\CodeSourcery\Sourcery_CodeBench_Lite_for_ARM_EABI\arm-none-eabi\lib\thumb\libc.a(lib_a-vfiprintf.o)
 .ARM.attributes
                0x00000f9d       0x30 C:\Users\Admin\CodeSourcery\Sourcery_CodeBench_Lite_for_ARM_EABI\arm-none-eabi\lib\thumb\libc.a(lib_a-callocr.o)
 .ARM.attributes
                0x00000fcd       0x30 C:\Users\Admin\CodeSourcery\Sourcery_CodeBench_Lite_for_ARM_EABI\arm-none-eabi\lib\thumb\libc.a(lib_a-fclose.o)
 .ARM.attributes
                0x00000ffd       0x30 C:\Users\Admin\CodeSourcery\Sourcery_CodeBench_Lite_for_ARM_EABI\arm-none-eabi\lib\thumb\libc.a(lib_a-fputwc.o)
 .ARM.attributes
                0x0000102d       0x30 C:\Users\Admin\CodeSourcery\Sourcery_CodeBench_Lite_for_ARM_EABI\arm-none-eabi\lib\thumb\libc.a(lib_a-fstatr.o)
 .ARM.attributes
                0x0000105d       0x30 C:\Users\Admin\CodeSourcery\Sourcery_CodeBench_Lite_for_ARM_EABI\arm-none-eabi\lib\thumb\libc.a(lib_a-isattyr.o)
 .ARM.attributes
                0x0000108d       0x30 C:\Users\Admin\CodeSourcery\Sourcery_CodeBench_Lite_for_ARM_EABI\arm-none-eabi\lib\thumb\libc.a(lib_a-wbuf.o)
 .ARM.attributes
                0x000010bd       0x30 C:\Users\Admin\CodeSourcery\Sourcery_CodeBench_Lite_for_ARM_EABI\arm-none-eabi\lib\thumb\libc.a(lib_a-wcrtomb.o)
 .ARM.attributes
                0x000010ed       0x30 C:\Users\Admin\CodeSourcery\Sourcery_CodeBench_Lite_for_ARM_EABI\arm-none-eabi\lib\thumb\libc.a(lib_a-wctomb_r.o)
 .ARM.attributes
                0x0000111d       0x18 C:\Users\Admin\CodeSourcery\Sourcery_CodeBench_Lite_for_ARM_EABI\lib\gcc\arm-none-eabi\4.7.2\thumb\libgcc.a(_udivsi3.o)
 .ARM.attributes
                0x00001135       0x18 C:\Users\Admin\CodeSourcery\Sourcery_CodeBench_Lite_for_ARM_EABI\lib\gcc\arm-none-eabi\4.7.2\thumb\libgcc.a(_divsi3.o)
 .ARM.attributes
                0x0000114d       0x16 C:\Users\Admin\CodeSourcery\Sourcery_CodeBench_Lite_for_ARM_EABI\lib\gcc\arm-none-eabi\4.7.2\thumb\libgcc.a(_dvmd_tls.o)
 .ARM.attributes
                0x00001163       0x18 C:\Users\Admin\CodeSourcery\Sourcery_CodeBench_Lite_for_ARM_EABI\lib\gcc\arm-none-eabi\4.7.2\thumb\libgcc.a(_arm_addsubdf3.o)
 .ARM.attributes
                0x0000117b       0x18 C:\Users\Admin\CodeSourcery\Sourcery_CodeBench_Lite_for_ARM_EABI\lib\gcc\arm-none-eabi\4.7.2\thumb\libgcc.a(_arm_muldivdf3.o)
 .ARM.attributes
                0x00001193       0x18 C:\Users\Admin\CodeSourcery\Sourcery_CodeBench_Lite_for_ARM_EABI\lib\gcc\arm-none-eabi\4.7.2\thumb\libgcc.a(_arm_cmpdf2.o)
 .ARM.attributes
                0x000011ab       0x18 C:\Users\Admin\CodeSourcery\Sourcery_CodeBench_Lite_for_ARM_EABI\lib\gcc\arm-none-eabi\4.7.2\thumb\libgcc.a(_arm_fixdfsi.o)
 .ARM.attributes
                0x000011c3       0x18 C:\Users\Admin\CodeSourcery\Sourcery_CodeBench_Lite_for_ARM_EABI\lib\gcc\arm-none-eabi\4.7.2\thumb\libgcc.a(_arm_fixunsdfsi.o)
 .ARM.attributes
                0x000011db       0x18 C:\Users\Admin\CodeSourcery\Sourcery_CodeBench_Lite_for_ARM_EABI\lib\gcc\arm-none-eabi\4.7.2\thumb\libgcc.a(_arm_truncdfsf2.o)
 .ARM.attributes
                0x000011f3       0x18 C:\Users\Admin\CodeSourcery\Sourcery_CodeBench_Lite_for_ARM_EABI\lib\gcc\arm-none-eabi\4.7.2\thumb\libgcc.a(_arm_cmpsf2.o)
 .ARM.attributes
                0x0000120b       0x18 C:\Users\Admin\CodeSourcery\Sourcery_CodeBench_Lite_for_ARM_EABI\lib\gcc\arm-none-eabi\4.7.2\thumb\libgcc.a(_aeabi_uldivmod.o)
 .ARM.attributes
                0x00001223       0x30 C:\Users\Admin\CodeSourcery\Sourcery_CodeBench_Lite_for_ARM_EABI\lib\gcc\arm-none-eabi\4.7.2\thumb\libgcc.a(_muldi3.o)
 .ARM.attributes
                0x00001253       0x30 C:\Users\Admin\CodeSourcery\Sourcery_CodeBench_Lite_for_ARM_EABI\lib\gcc\arm-none-eabi\4.7.2\thumb\libgcc.a(bpabi.o)
 .ARM.attributes
                0x00001283       0x30 C:\Users\Admin\CodeSourcery\Sourcery_CodeBench_Lite_for_ARM_EABI\lib\gcc\arm-none-eabi\4.7.2\thumb\libgcc.a(_divdi3.o)
 .ARM.attributes
                0x000012b3       0x30 C:\Users\Admin\CodeSourcery\Sourcery_CodeBench_Lite_for_ARM_EABI\lib\gcc\arm-none-eabi\4.7.2\thumb\libgcc.a(_udivdi3.o)
 .ARM.attributes
                0x000012e3       0x18 C:\Users\Admin\CodeSourcery\Sourcery_CodeBench_Lite_for_ARM_EABI\lib\gcc\arm-none-eabi\4.7.2\thumb\libgcc.a(_clzsi2.o)

.debug_frame    0x00000000     0x1504
 .debug_frame   0x00000000       0x28 C:\Users\Admin\CodeSourcery\Sourcery_CodeBench_Lite_for_ARM_EABI\arm-none-eabi\lib\thumb\libm.a(lib_a-s_fpclassify.o)
 .debug_frame   0x00000028       0x40 C:\Users\Admin\CodeSourcery\Sourcery_CodeBench_Lite_for_ARM_EABI\arm-none-eabi\lib\thumb\libc.a(lib_a-malloc.o)
 .debug_frame   0x00000068       0x3c C:\Users\Admin\CodeSourcery\Sourcery_CodeBench_Lite_for_ARM_EABI\arm-none-eabi\lib\thumb\libc.a(lib_a-mallocr.o)
 .debug_frame   0x000000a4       0x38 C:\Users\Admin\CodeSourcery\Sourcery_CodeBench_Lite_for_ARM_EABI\arm-none-eabi\lib\thumb\libc.a(lib_a-memcpy.o)
 .debug_frame   0x000000dc       0x2c C:\Users\Admin\CodeSourcery\Sourcery_CodeBench_Lite_for_ARM_EABI\arm-none-eabi\lib\thumb\libc.a(lib_a-memset.o)
 .debug_frame   0x00000108       0x30 C:\Users\Admin\CodeSourcery\Sourcery_CodeBench_Lite_for_ARM_EABI\arm-none-eabi\lib\thumb\libc.a(lib_a-mlock.o)
 .debug_frame   0x00000138       0x48 C:\Users\Admin\CodeSourcery\Sourcery_CodeBench_Lite_for_ARM_EABI\arm-none-eabi\lib\thumb\libc.a(lib_a-printf.o)
 .debug_frame   0x00000180       0x28 C:\Users\Admin\CodeSourcery\Sourcery_CodeBench_Lite_for_ARM_EABI\arm-none-eabi\lib\thumb\libc.a(lib_a-realloc.o)
 .debug_frame   0x000001a8       0x3c C:\Users\Admin\CodeSourcery\Sourcery_CodeBench_Lite_for_ARM_EABI\arm-none-eabi\lib\thumb\libc.a(lib_a-reallocr.o)
 .debug_frame   0x000001e4       0x2c C:\Users\Admin\CodeSourcery\Sourcery_CodeBench_Lite_for_ARM_EABI\arm-none-eabi\lib\thumb\libc.a(lib_a-sbrkr.o)
 .debug_frame   0x00000210       0x4c C:\Users\Admin\CodeSourcery\Sourcery_CodeBench_Lite_for_ARM_EABI\arm-none-eabi\lib\thumb\libc.a(lib_a-sprintf.o)
 .debug_frame   0x0000025c       0x54 C:\Users\Admin\CodeSourcery\Sourcery_CodeBench_Lite_for_ARM_EABI\arm-none-eabi\lib\thumb\libc.a(lib_a-sscanf.o)
 .debug_frame   0x000002b0       0x90 C:\Users\Admin\CodeSourcery\Sourcery_CodeBench_Lite_for_ARM_EABI\arm-none-eabi\lib\thumb\libc.a(lib_a-stdio.o)
 .debug_frame   0x00000340       0x20 C:\Users\Admin\CodeSourcery\Sourcery_CodeBench_Lite_for_ARM_EABI\arm-none-eabi\lib\thumb\libc.a(lib_a-strcmp.o)
 .debug_frame   0x00000360       0x20 C:\Users\Admin\CodeSourcery\Sourcery_CodeBench_Lite_for_ARM_EABI\arm-none-eabi\lib\thumb\libc.a(lib_a-strlen.o)
 .debug_frame   0x00000380       0x2c C:\Users\Admin\CodeSourcery\Sourcery_CodeBench_Lite_for_ARM_EABI\arm-none-eabi\lib\thumb\libc.a(lib_a-strncmp.o)
 .debug_frame   0x000003ac       0x74 C:\Users\Admin\CodeSourcery\Sourcery_CodeBench_Lite_for_ARM_EABI\arm-none-eabi\lib\thumb\libc.a(lib_a-strtod.o)
 .debug_frame   0x00000420       0x3c C:\Users\Admin\CodeSourcery\Sourcery_CodeBench_Lite_for_ARM_EABI\arm-none-eabi\lib\thumb\libc.a(lib_a-svfprintf.o)
 .debug_frame   0x0000045c       0x3c C:\Users\Admin\CodeSourcery\Sourcery_CodeBench_Lite_for_ARM_EABI\arm-none-eabi\lib\thumb\libc.a(lib_a-svfscanf.o)
 .debug_frame   0x00000498       0x58 C:\Users\Admin\CodeSourcery\Sourcery_CodeBench_Lite_for_ARM_EABI\arm-none-eabi\lib\thumb\libc.a(lib_a-vfprintf.o)
 .debug_frame   0x000004f0       0x2c C:\Users\Admin\CodeSourcery\Sourcery_CodeBench_Lite_for_ARM_EABI\arm-none-eabi\lib\thumb\libc.a(lib_a-writer.o)
 .debug_frame   0x0000051c       0x2c C:\Users\Admin\CodeSourcery\Sourcery_CodeBench_Lite_for_ARM_EABI\arm-none-eabi\lib\thumb\libc.a(lib_a-wsetup.o)
 .debug_frame   0x00000548       0x2c C:\Users\Admin\CodeSourcery\Sourcery_CodeBench_Lite_for_ARM_EABI\arm-none-eabi\lib\thumb\libc.a(lib_a-closer.o)
 .debug_frame   0x00000574       0x68 C:\Users\Admin\CodeSourcery\Sourcery_CodeBench_Lite_for_ARM_EABI\arm-none-eabi\lib\thumb\libc.a(lib_a-dtoa.o)
 .debug_frame   0x000005dc       0x4c C:\Users\Admin\CodeSourcery\Sourcery_CodeBench_Lite_for_ARM_EABI\arm-none-eabi\lib\thumb\libc.a(lib_a-fflush.o)
 .debug_frame   0x00000628      0x138 C:\Users\Admin\CodeSourcery\Sourcery_CodeBench_Lite_for_ARM_EABI\arm-none-eabi\lib\thumb\libc.a(lib_a-findfp.o)
 .debug_frame   0x00000760       0x54 C:\Users\Admin\CodeSourcery\Sourcery_CodeBench_Lite_for_ARM_EABI\arm-none-eabi\lib\thumb\libc.a(lib_a-freer.o)
 .debug_frame   0x000007b4       0x3c C:\Users\Admin\CodeSourcery\Sourcery_CodeBench_Lite_for_ARM_EABI\arm-none-eabi\lib\thumb\libc.a(lib_a-fvwrite.o)
 .debug_frame   0x000007f0       0x5c C:\Users\Admin\CodeSourcery\Sourcery_CodeBench_Lite_for_ARM_EABI\arm-none-eabi\lib\thumb\libc.a(lib_a-fwalk.o)
 .debug_frame   0x0000084c       0x78 C:\Users\Admin\CodeSourcery\Sourcery_CodeBench_Lite_for_ARM_EABI\arm-none-eabi\lib\thumb\libc.a(lib_a-gdtoa-gethex.o)
 .debug_frame   0x000008c4       0x3c C:\Users\Admin\CodeSourcery\Sourcery_CodeBench_Lite_for_ARM_EABI\arm-none-eabi\lib\thumb\libc.a(lib_a-gdtoa-hexnan.o)
 .debug_frame   0x00000900       0x28 C:\Users\Admin\CodeSourcery\Sourcery_CodeBench_Lite_for_ARM_EABI\arm-none-eabi\lib\thumb\libc.a(lib_a-iswspace.o)
 .debug_frame   0x00000928       0xa4 C:\Users\Admin\CodeSourcery\Sourcery_CodeBench_Lite_for_ARM_EABI\arm-none-eabi\lib\thumb\libc.a(lib_a-locale.o)
 .debug_frame   0x000009cc       0x2c C:\Users\Admin\CodeSourcery\Sourcery_CodeBench_Lite_for_ARM_EABI\arm-none-eabi\lib\thumb\libc.a(lib_a-lseekr.o)
 .debug_frame   0x000009f8       0x30 C:\Users\Admin\CodeSourcery\Sourcery_CodeBench_Lite_for_ARM_EABI\arm-none-eabi\lib\thumb\libc.a(lib_a-makebuf.o)
 .debug_frame   0x00000a28       0x64 C:\Users\Admin\CodeSourcery\Sourcery_CodeBench_Lite_for_ARM_EABI\arm-none-eabi\lib\thumb\libc.a(lib_a-mbrtowc.o)
 .debug_frame   0x00000a8c       0x50 C:\Users\Admin\CodeSourcery\Sourcery_CodeBench_Lite_for_ARM_EABI\arm-none-eabi\lib\thumb\libc.a(lib_a-mbtowc_r.o)
 .debug_frame   0x00000adc       0x30 C:\Users\Admin\CodeSourcery\Sourcery_CodeBench_Lite_for_ARM_EABI\arm-none-eabi\lib\thumb\libc.a(lib_a-memchr.o)
 .debug_frame   0x00000b0c       0x30 C:\Users\Admin\CodeSourcery\Sourcery_CodeBench_Lite_for_ARM_EABI\arm-none-eabi\lib\thumb\libc.a(lib_a-memmove.o)
 .debug_frame   0x00000b3c      0x27c C:\Users\Admin\CodeSourcery\Sourcery_CodeBench_Lite_for_ARM_EABI\arm-none-eabi\lib\thumb\libc.a(lib_a-mprec.o)
 .debug_frame   0x00000db8       0x2c C:\Users\Admin\CodeSourcery\Sourcery_CodeBench_Lite_for_ARM_EABI\arm-none-eabi\lib\thumb\libc.a(lib_a-readr.o)
 .debug_frame   0x00000de4       0x68 C:\Users\Admin\CodeSourcery\Sourcery_CodeBench_Lite_for_ARM_EABI\arm-none-eabi\lib\thumb\libc.a(lib_a-reent.o)
 .debug_frame   0x00000e4c       0x2c C:\Users\Admin\CodeSourcery\Sourcery_CodeBench_Lite_for_ARM_EABI\arm-none-eabi\lib\thumb\libc.a(lib_a-sccl.o)
 .debug_frame   0x00000e78       0x20 C:\Users\Admin\CodeSourcery\Sourcery_CodeBench_Lite_for_ARM_EABI\arm-none-eabi\lib\thumb\libc.a(lib_a-sf_nan.o)
 .debug_frame   0x00000e98       0x58 C:\Users\Admin\CodeSourcery\Sourcery_CodeBench_Lite_for_ARM_EABI\arm-none-eabi\lib\thumb\libc.a(lib_a-strtol.o)
 .debug_frame   0x00000ef0       0x3c C:\Users\Admin\CodeSourcery\Sourcery_CodeBench_Lite_for_ARM_EABI\arm-none-eabi\lib\thumb\libc.a(lib_a-strtoll_r.o)
 .debug_frame   0x00000f2c       0x58 C:\Users\Admin\CodeSourcery\Sourcery_CodeBench_Lite_for_ARM_EABI\arm-none-eabi\lib\thumb\libc.a(lib_a-strtoul.o)
 .debug_frame   0x00000f84       0x3c C:\Users\Admin\CodeSourcery\Sourcery_CodeBench_Lite_for_ARM_EABI\arm-none-eabi\lib\thumb\libc.a(lib_a-strtoull_r.o)
 .debug_frame   0x00000fc0       0x68 C:\Users\Admin\CodeSourcery\Sourcery_CodeBench_Lite_for_ARM_EABI\arm-none-eabi\lib\thumb\libc.a(lib_a-svfiprintf.o)