Archive member included because of file (symbol)

C:\Users\Admin\Documents\Quectel\M66_OpenCPU_GS3_SDK_V2.4_Eclipse\libs\gcc\libapp_start.a(fileSys.o)
                              ./custom/fota/src/fota_ftp.o (Ql_FS_Open)
C:\Users\Admin\Documents\Quectel\M66_OpenCPU_GS3_SDK_V2.4_Eclipse\libs\gcc\libapp_start.a(fota.o)
                              ./custom/fota/src/fota_main.o (Ql_FOTA_Init)
C:\Users\Admin\Documents\Quectel\M66_OpenCPU_GS3_SDK_V2.4_Eclipse\libs\gcc\libapp_start.a(gpio.o)
                              ./custom/App/Relay_Control/RelayControl.o (Ql_GPIO_Init)
C:\Users\Admin\Documents\Quectel\M66_OpenCPU_GS3_SDK_V2.4_Eclipse\libs\gcc\libapp_start.a(gprs.o)
                              ./custom/fota/src/fota_main.o (Ql_GPRS_GetPDPContextId)
C:\Users\Admin\Documents\Quectel\M66_OpenCPU_GS3_SDK_V2.4_Eclipse\libs\gcc\libapp_start.a(iic.o)
                              ./example/nema_pro.o (Ql_IIC_Write)
C:\Users\Admin\Documents\Quectel\M66_OpenCPU_GS3_SDK_V2.4_Eclipse\libs\gcc\libapp_start.a(lib_ril_sms.o)
                              ./ril/src/ril_sms.o (LIB_SMS_IsValidHexStr)
C:\Users\Admin\Documents\Quectel\M66_OpenCPU_GS3_SDK_V2.4_Eclipse\libs\gcc\libapp_start.a(memory.o)
                              ./ril/src/ril_bluetooth.o (Ql_MEM_Alloc)
C:\Users\Admin\Documents\Quectel\M66_OpenCPU_GS3_SDK_V2.4_Eclipse\libs\gcc\libapp_start.a(ql_func.o)
                              C:\Users\Admin\Documents\Quectel\M66_OpenCPU_GS3_SDK_V2.4_Eclipse\libs\gcc\libapp_start.a(memory.o) (api_notsup)
C:\Users\Admin\Documents\Quectel\M66_OpenCPU_GS3_SDK_V2.4_Eclipse\libs\gcc\libapp_start.a(ql_main.o)
                              ./ril/src/ril_bluetooth.o (Ql_Debug_Trace)
C:\Users\Admin\Documents\Quectel\M66_OpenCPU_GS3_SDK_V2.4_Eclipse\libs\gcc\libapp_start.a(ril_aux.o)
                              ./custom/config/sys_config.o (proc_reserved2)
C:\Users\Admin\Documents\Quectel\M66_OpenCPU_GS3_SDK_V2.4_Eclipse\libs\gcc\libapp_start.a(ril_main.o)
                              ./custom/config/sys_config.o (proc_reserved1)
C:\Users\Admin\Documents\Quectel\M66_OpenCPU_GS3_SDK_V2.4_Eclipse\libs\gcc\libapp_start.a(stdlib_func.o)
                              ./ril/src/ril_dtmf.o (Ql_atof)
C:\Users\Admin\Documents\Quectel\M66_OpenCPU_GS3_SDK_V2.4_Eclipse\libs\gcc\libapp_start.a(system.o)
                              ./ril/src/ril_ftp.o (Ql_Sleep)
C:\Users\Admin\Documents\Quectel\M66_OpenCPU_GS3_SDK_V2.4_Eclipse\libs\gcc\libapp_start.a(taskMngt.o)
                              ./custom/main.o (Ql_OS_GetMessage)
C:\Users\Admin\Documents\Quectel\M66_OpenCPU_GS3_SDK_V2.4_Eclipse\libs\gcc\libapp_start.a(timer.o)
                              ./custom/App/Charger_Configuration/ChargerConfig.o (Ql_Timer_Register)
C:\Users\Admin\Documents\Quectel\M66_OpenCPU_GS3_SDK_V2.4_Eclipse\libs\gcc\libapp_start.a(uart.o)
                              ./custom/App/Relay_Control/RelayControl.o (Ql_UART_Register)
C:\Users\Admin\Documents\Quectel\M66_OpenCPU_GS3_SDK_V2.4_Eclipse\libs\gcc\libapp_start.a(ocpu_init.o)
                              C:\Users\Admin\Documents\Quectel\M66_OpenCPU_GS3_SDK_V2.4_Eclipse\libs\gcc\libapp_start.a(ql_main.o) (_OCPU_InitUserMem)
C:\Users\Admin\CodeSourcery\Sourcery_CodeBench_Lite_for_ARM_EABI\arm-none-eabi\lib\thumb\libm.a(lib_a-s_fpclassify.o)
                              ./custom/App/cJSON/cJSON.o (__fpclassifyd)
C:\Users\Admin\CodeSourcery\Sourcery_CodeBench_Lite_for_ARM_EABI\arm-none-eabi\lib\thumb\libc.a(lib_a-ctype_.o)
                              ./custom/App/cJSON/cJSON.o (__ctype_ptr__)
C:\Users\Admin\CodeSourcery\Sourcery_CodeBench_Lite_for_ARM_EABI\arm-none-eabi\lib\thumb\libc.a(lib_a-malloc.o)
                              ./custom/App/cJSON/cJSON.o (malloc)
C:\Users\Admin\CodeSourcery\Sourcery_CodeBench_Lite_for_ARM_EABI\arm-none-eabi\lib\thumb\libc.a(lib_a-mallocr.o)
                              C:\Users\Admin\CodeSourcery\Sourcery_CodeBench_Lite_for_ARM_EABI\arm-none-eabi\lib\thumb\libc.a(lib_a-malloc.o) (_malloc_r)
C:\Users\Admin\CodeSourcery\Sourcery_CodeBench_Lite_for_ARM_EABI\arm-none-eabi\lib\thumb\libc.a(lib_a-memcpy.o)
                              ./custom/App/cJSON/cJSON.o (memcpy)
C:\Users\Admin\CodeSourcery\Sourcery_CodeBench_Lite_for_ARM_EABI\arm-none-eabi\lib\thumb\libc.a(lib_a-memset.o)
                              ./ril/src/ril_alarm.o (memset)
C:\Users\Admin\CodeSourcery\Sourcery_CodeBench_Lite_for_ARM_EABI\arm-none-eabi\lib\thumb\libc.a(lib_a-mlock.o)
                              C:\Users\Admin\CodeSourcery\Sourcery_CodeBench_Lite_for_ARM_EABI\arm-none-eabi\lib\thumb\libc.a(lib_a-mallocr.o) (__malloc_lock)
C:\Users\Admin\CodeSourcery\Sourcery_CodeBench_Lite_for_ARM_EABI\arm-none-eabi\lib\thumb\libc.a(lib_a-puts.o)
                              ./custom/App/Charger_Configuration/ChargerConfig.o (puts)
C:\Users\Admin\CodeSourcery\Sourcery_CodeBench_Lite_for_ARM_EABI\arm-none-eabi\lib\thumb\libc.a(lib_a-realloc.o)
[...]
Memory Configuration

Name             Origin             Length             Attributes
ROM              0x102c7040         0x0005a000         xr
RAM              0xf03d2000         0x00019000         xrw
*default*        0x00000000         0xffffffff

Linker script and memory map

LOAD ./ril/src/ril_alarm.o
LOAD ./ril/src/ril_atResponse.o
LOAD ./ril/src/ril_audio.o
LOAD ./ril/src/ril_bluetooth.o
LOAD ./ril/src/ril_custom.o
LOAD ./ril/src/ril_dtmf.o
LOAD ./ril/src/ril_ftp.o
LOAD ./ril/src/ril_http.o
LOAD ./ril/src/ril_init.o
LOAD ./ril/src/ril_location.o
LOAD ./ril/src/ril_location2.o
LOAD ./ril/src/ril_network.o
LOAD ./ril/src/ril_ntp.o
LOAD ./ril/src/ril_sim.o
LOAD ./ril/src/ril_sms.o
LOAD ./ril/src/ril_system.o
LOAD ./ril/src/ril_telephony.o
LOAD ./ril/src/ril_urc.o
LOAD ./ril/src/ril_util.o
LOAD ./example/Example_gps_iic.o
LOAD ./example/example_adc.o
LOAD ./example/example_alarm.o
LOAD ./example/example_audio.o
LOAD ./example/example_bluetooth.o
LOAD ./example/example_call.o
LOAD ./example/example_clk.o
LOAD ./example/example_csd.o
LOAD ./example/example_download_epo.o
LOAD ./example/example_dtmf.o
LOAD ./example/example_eint.o
LOAD ./example/example_file.o
LOAD ./example/example_float_math.o
LOAD ./example/example_fota_ftp.o
LOAD ./example/example_fota_http.o
LOAD ./example/example_ftp.o
LOAD ./example/example_gpio.o
LOAD ./example/example_http.o
LOAD ./example/example_iic.o
LOAD ./example/example_location.o
LOAD ./example/example_location2.o
LOAD ./example/example_memory.o
LOAD ./example/example_multitask.o
LOAD ./example/example_multitask_port.o
LOAD ./example/example_pwm.o
LOAD ./example/example_sms.o
LOAD ./example/example_spi.o
LOAD ./example/example_system.o
LOAD ./example/example_tcp_demo.o
LOAD ./example/example_tcpclient.o
LOAD ./example/example_tcpserver.o
LOAD ./example/example_time.o
LOAD ./example/example_timer.o
LOAD ./example/example_transpass.o
LOAD ./example/example_udpclient.o
LOAD ./example/example_udpserver.o
LOAD ./example/example_watchdog.o
LOAD ./example/nema_pro.o
LOAD ./example/utility.o
LOAD ./custom/fota/src/fota_ftp.o
LOAD ./custom/fota/src/fota_http.o
LOAD ./custom/fota/src/fota_http_code.o
LOAD ./custom/fota/src/fota_main.o
LOAD ./custom/config/custom_sys_cfg.o
LOAD ./custom/config/sys_config.o
LOAD ./custom/App/cJSON/cJSON.o
LOAD ./custom/App/cJSON/cJSON_Utils.o
LOAD ./custom/App/Relay_Control/RelayControl.o
LOAD ./custom/App/RGB-Control/RGB.o
LOAD ./custom/App/Charger_Configuration/ChargerConfig.o
LOAD ./custom/App/Bluetooth_Configuration/BT_Configuration.o
LOAD ./custom/main.o
LOAD C:\Users\Admin\Documents\Quectel\M66_OpenCPU_GS3_SDK_V2.4_Eclipse\libs\gcc\libapp_start.a
LOAD C:\Users\Admin\CodeSourcery\Sourcery_CodeBench_Lite_for_ARM_EABI\arm-none-eabi\lib\thumb\libm.a
LOAD C:\Users\Admin\CodeSourcery\Sourcery_CodeBench_Lite_for_ARM_EABI\arm-none-eabi\lib\thumb\libc.a
LOAD C:\Users\Admin\CodeSourcery\Sourcery_CodeBench_Lite_for_ARM_EABI\arm-none-eabi\lib\thumb\libcs3.a
LOAD C:\Users\Admin\CodeSourcery\Sourcery_CodeBench_Lite_for_ARM_EABI\lib\gcc\arm-none-eabi\4.7.2\thumb\libgcc.a
START GROUP
LOAD C:\Users\Admin\CodeSourcery\Sourcery_CodeBench_Lite_for_ARM_EABI\lib\gcc\arm-none-eabi\4.7.2\thumb\libgcc.a
LOAD C:\Users\Admin\CodeSourcery\Sourcery_CodeBench_Lite_for_ARM_EABI\arm-none-eabi\lib\thumb\libc.a
END GROUP
                0x102c7040                . = 0x102c7040

.initdata       0x102c7040       0x2c
 *(.initdata)
 .initdata      0x102c7040       0x2c C:\Users\Admin\Documents\Quectel\M66_OpenCPU_GS3_SDK_V2.4_Eclipse\libs\gcc\libapp_start.a(ql_main.o)
                0x102c7040                GADLENTRY

text            0x102c706c     0x64e8
 *(.text)
 .text          0x102c706c       0xfc ./ril/src/ril_atResponse.o
                0x102c706c                Ql_RIL_AT_GetErrCode
                0x102c707c                Ql_RIL_AT_SetErrCode
                0x102c7090                Default_atRsp_callback
 .text          0x102c7168     0x305c ./ril/src/ril_bluetooth.o
                0x102c7cf4                BT_DevMngmt_GetDeviceId
                0x102c7d3c                BT_DevMngmt_GetPairedId
                0x102c7d84                BT_DevMngmt_GetConnId
                0x102c7dcc                BT_DevMngmt_GetProfileId
                0x102c7e14                BT_DevMngmt_GetDevName
                0x102c7e5c                BT_DevMngmt_GetDevAddr
                0x102c7ea4                RIL_BT_Switch
                0x102c7f2c                RIL_BT_GetPwrState
                0x102c7f9c                RIL_BT_SetName
                0x102c8038                RIL_BT_GetName
                0x102c8150                RIL_BT_GetLocalAddr
                0x102c8248                RIL_BT_SetVisble
                0x102c82fc                OnURCHandler_BTVisible
                0x102c83f0                RIL_BT_GetVisble
                0x102c8464                OnURCHandler_BTScan
                0x102c8728                RIL_BT_GetDevListInfo
                0x102c87a0                RIL_BT_GetDevListPointer
                0x102c87ac                RIL_BT_StopScan
                0x102c8804                RIL_BT_QueryState
                0x102c8868                RIL_BT_StartScan
                0x102c8928                RIL_BT_Initialize
                0x102c895c                RIL_BT_PairReq
                0x102c8a04                OnURCHandler_BTPair
                0x102c8c10                RIL_BT_PairConfirm
                0x102c8cc4                OnURCHandler_BTPairCnf
                0x102c8f00                RIL_BT_Unpair
                0x102c9064                RIL_BT_GetSupportedProfile
                0x102c91a0                RIL_BT_ConnReq
                0x102c9268                OnURCHandler_BTConn
                0x102c94fc                RIL_BT_SPP_DirectConn
                0x102c9584                RIL_BT_ConnAccept
                0x102c960c                OnURCHandler_BTConnCnf
                0x102c9960                RIL_BT_Disconnect
                0x102c9a10                OnURCHandler_BTDisconn
                0x102c9c38                RIL_BT_SPP_Send
                0x102c9d10                RIL_BT_SPP_Read
                0x102c9dec                OnURCHandler_BTIndication
 .text          0x102ca1c4       0x20 ./ril/src/ril_custom.o
                0x102ca1c4                Ql_RIL_RcvDataFrmCore
 .text          0x102ca1e4      0x5b8 ./ril/src/ril_dtmf.o
                0x102ca2e0                RIL_ToneDet_Open
                0x102ca364                RIL_ToneDet_Close
                0x102ca3dc                RIL_ToneDet_Set
                0x102ca488                RIL_ToneDet_Get
                0x102ca548                OnURCHandler_QToneDet
                0x102ca63c                RIL_WDTMF_Send
                0x102ca6f8                OnURCHandler_QWDTMF
 .text          0x102ca79c       0x10 ./ril/src/ril_init.o
                0x102ca79c                RIL_GetInitCmdCnt
                0x102ca7a4                RIL_GetLimitedCmdCnt
 .text          0x102ca7ac      0x534 ./ril/src/ril_location.o
                0x102ca8dc                RIL_GetLocation
                0x102ca9b0                RIL_GetLocation_Ex
                0x102caa98                RIL_GetLocationByCell
                0x102cab88                OnURCHandler_QCELLLocation
 .text          0x102cace0      0x10c ./ril/src/ril_ntp.o
                0x102cace0                OnURCHandler_NTPCMD
                0x102cad4c                RIL_NTP_START
 .text          0x102cadec      0x5a4 ./ril/src/ril_sim.o
                0x102caf4c                RIL_SIM_GetSimStateByName
                0x102cb234                RIL_SIM_GetSimState
                0x102cb2a8                RIL_SIM_GetIMSI
                0x102cb31c                RIL_SIM_GetCCID
 .text          0x102cb390      0xbe0 ./ril/src/ril_urc.o
                0x102cbe20                OnURCHandler
                0x102cbef0                Ql_RIL_IsURCStr
 .text          0x102cbf70      0x4a0 ./ril/src/ril_util.o
                0x102cbf70                Ql_StrPrefixMatch
                0x102cbfc0                Ql_StrToUpper
                0x102cc01c                Ql_HexStrToInt
                0x102cc0b0                Ql_RIL_FindString
                0x102cc13c                Ql_RIL_FindLine
                0x102cc3bc                Ql_GenHash
 .text          0x102cc410       0xe4 ./custom/App/Relay_Control/RelayControl.o
                0x102cc410                vUart1Callback
                0x102cc414                vRelayOn
                0x102cc430                vRelayOff
                0x102cc44c                vRelayInit
                0x102cc474                vRelayTest
                0x102cc4b4                vUart1Init
 .text          0x102cc4f4      0x488 ./custom/App/RGB-Control/RGB.o
                0x102cc4f4                vRgbDeInit
                0x102cc54c                vRgbInit
                0x102cc5d8                vRgbColorState
 .text          0x102cc97c      0x7a4 ./custom/App/Bluetooth_Configuration/BT_Configuration.o
                0x102ccf60                vBluetoothInit
 .text          0x102cd120      0x144 ./custom/main.o
                0x102cd120                proc_main_task
 .text          0x102cd264       0x4c C:\Users\Admin\Documents\Quectel\M66_OpenCPU_GS3_SDK_V2.4_Eclipse\libs\gcc\libapp_start.a(ocpu_init.o)
                0x102cd264                _OCPU_InitUserMem
 .text          0x102cd2b0      0x10c C:\Users\Admin\CodeSourcery\Sourcery_CodeBench_Lite_for_ARM_EABI\arm-none-eabi\lib\thumb\libc.a(lib_a-memcpy.o)
                0x102cd2b0                memcpy
 .text          0x102cd3bc       0x9c C:\Users\Admin\CodeSourcery\Sourcery_CodeBench_Lite_for_ARM_EABI\arm-none-eabi\lib\thumb\libc.a(lib_a-memset.o)
                0x102cd3bc                memset
 .text          0x102cd458       0x5c C:\Users\Admin\CodeSourcery\Sourcery_CodeBench_Lite_for_ARM_EABI\lib\gcc\arm-none-eabi\4.7.2\thumb\libgcc.a(_arm_fixdfsi.o)
                0x102cd458                __aeabi_d2iz
                0x102cd458                __fixdfsi
 .text          0x102cd4b4       0xa0 C:\Users\Admin\CodeSourcery\Sourcery_CodeBench_Lite_for_ARM_EABI\lib\gcc\arm-none-eabi\4.7.2\thumb\libgcc.a(_arm_truncdfsf2.o)
                0x102cd4b4                __truncdfsf2
                0x102cd4b4                __aeabi_d2f

.glue_7         0x102cd554        0x0
 .glue_7        0x00000000        0x0 linker stubs

.glue_7t        0x102cd554        0x0
 .glue_7t       0x00000000        0x0 linker stubs

.vfp11_veneer   0x102cd554        0x0
 .vfp11_veneer  0x00000000        0x0 linker stubs

.v4_bx          0x102cd554        0x0
 .v4_bx         0x00000000        0x0 linker stubs

.iplt           0x102cd554        0x0
 .iplt          0x00000000        0x0 ./ril/src/ril_alarm.o

.text.Ql_GPIO_Init
                0x102cd554       0x78
 .text.Ql_GPIO_Init
                0x102cd554       0x78 C:\Users\Admin\Documents\Quectel\M66_OpenCPU_GS3_SDK_V2.4_Eclipse\libs\gcc\libapp_start.a(gpio.o)
                0x102cd554                Ql_GPIO_Init

.text.Ql_GPIO_SetLevel
                0x102cd5cc       0x68
 .text.Ql_GPIO_SetLevel
                0x102cd5cc       0x68 C:\Users\Admin\Documents\Quectel\M66_OpenCPU_GS3_SDK_V2.4_Eclipse\libs\gcc\libapp_start.a(gpio.o)
                0x102cd5cc                Ql_GPIO_SetLevel

.text.Ql_MEM_Alloc
                0x102cd634       0x78
 .text.Ql_MEM_Alloc
                0x102cd634       0x78 C:\Users\Admin\Documents\Quectel\M66_OpenCPU_GS3_SDK_V2.4_Eclipse\libs\gcc\libapp_start.a(memory.o)
                0x102cd634                Ql_MEM_Alloc

.text.Ql_MEM_Free
                0x102cd6ac       0x74
 .text.Ql_MEM_Free
                0x102cd6ac       0x74 C:\Users\Admin\Documents\Quectel\M66_OpenCPU_GS3_SDK_V2.4_Eclipse\libs\gcc\libapp_start.a(memory.o)
                0x102cd6ac                Ql_MEM_Free

.text.ql_InitVFunc
                0x102cd720       0xd8
 .text.ql_InitVFunc
                0x102cd720       0xd8 C:\Users\Admin\Documents\Quectel\M66_OpenCPU_GS3_SDK_V2.4_Eclipse\libs\gcc\libapp_start.a(ql_main.o)
                0x102cd720                ql_InitVFunc

.text.ocpu_main
                0x102cd7f8       0xf0
 .text.ocpu_main
                0x102cd7f8       0xf0 C:\Users\Admin\Documents\Quectel\M66_OpenCPU_GS3_SDK_V2.4_Eclipse\libs\gcc\libapp_start.a(ql_main.o)
                0x102cd7f8                ocpu_main

.text.proc_reserved2
                0x102cd8e8       0x70
 .text.proc_reserved2
                0x102cd8e8       0x70 C:\Users\Admin\Documents\Quectel\M66_OpenCPU_GS3_SDK_V2.4_Eclipse\libs\gcc\libapp_start.a(ril_aux.o)
                0x102cd8e8                proc_reserved2

.text.ril_StopATTimer
                0x102cd958       0x34
 .text.ril_StopATTimer
                0x102cd958       0x34 C:\Users\Admin\Documents\Quectel\M66_OpenCPU_GS3_SDK_V2.4_Eclipse\libs\gcc\libapp_start.a(ril_main.o)

.text.Callback_OnATTimer
                0x102cd98c       0x4c
 .text.Callback_OnATTimer
                0x102cd98c       0x4c C:\Users\Admin\Documents\Quectel\M66_OpenCPU_GS3_SDK_V2.4_Eclipse\libs\gcc\libapp_start.a(ril_main.o)

.text.CallBack_SerialPort_Hdlr
                0x102cd9d8      0x384
 .text.CallBack_SerialPort_Hdlr
                0x102cd9d8      0x384 C:\Users\Admin\Documents\Quectel\M66_OpenCPU_GS3_SDK_V2.4_Eclipse\libs\gcc\libapp_start.a(ril_main.o)

.text.proc_reserved1
                0x102cdd5c      0x200
 .text.proc_reserved1
                0x102cdd5c      0x200 C:\Users\Admin\Documents\Quectel\M66_OpenCPU_GS3_SDK_V2.4_Eclipse\libs\gcc\libapp_start.a(ril_main.o)
                0x102cdd5c                proc_reserved1

.text.Ql_RIL_Initialize
                0x102cdf5c       0xd4
 .text.Ql_RIL_Initialize
                0x102cdf5c       0xd4 C:\Users\Admin\Documents\Quectel\M66_OpenCPU_GS3_SDK_V2.4_Eclipse\libs\gcc\libapp_start.a(ril_main.o)
                0x102cdf5c                Ql_RIL_Initialize

.text.Ql_RIL_SendATCmd
                0x102ce030      0x260
 .text.Ql_RIL_SendATCmd
                0x102ce030      0x260 C:\Users\Admin\Documents\Quectel\M66_OpenCPU_GS3_SDK_V2.4_Eclipse\libs\gcc\libapp_start.a(ril_main.o)
                0x102ce030                Ql_RIL_SendATCmd

.text.Ql_RIL_WriteDataToCore
                0x102ce290       0x24
 .text.Ql_RIL_WriteDataToCore
                0x102ce290       0x24 C:\Users\Admin\Documents\Quectel\M66_OpenCPU_GS3_SDK_V2.4_Eclipse\libs\gcc\libapp_start.a(ril_main.o)
                0x102ce290                Ql_RIL_WriteDataToCore

.text.Ql_atof   0x102ce2b4       0x98
 .text.Ql_atof  0x102ce2b4       0x98 C:\Users\Admin\Documents\Quectel\M66_OpenCPU_GS3_SDK_V2.4_Eclipse\libs\gcc\libapp_start.a(stdlib_func.o)
                0x102ce2b4                Ql_atof

.text.Ql_strcpy
                0x102ce34c       0xa0
 .text.Ql_strcpy
                0x102ce34c       0xa0 C:\Users\Admin\Documents\Quectel\M66_OpenCPU_GS3_SDK_V2.4_Eclipse\libs\gcc\libapp_start.a(stdlib_func.o)
                0x102ce34c                Ql_strcpy

.text.Ql_strncpy
                0x102ce3ec       0x88
 .text.Ql_strncpy
                0x102ce3ec       0x88 C:\Users\Admin\Documents\Quectel\M66_OpenCPU_GS3_SDK_V2.4_Eclipse\libs\gcc\libapp_start.a(stdlib_func.o)
                0x102ce3ec                Ql_strncpy

.text.Ql_strlen
                0x102ce474       0x78
 .text.Ql_strlen
                0x102ce474       0x78 C:\Users\Admin\Documents\Quectel\M66_OpenCPU_GS3_SDK_V2.4_Eclipse\libs\gcc\libapp_start.a(stdlib_func.o)
                0x102ce474                Ql_strlen

.text.Ql_strcmp
                0x102ce4ec       0x68
 .text.Ql_strcmp
                0x102ce4ec       0x68 C:\Users\Admin\Documents\Quectel\M66_OpenCPU_GS3_SDK_V2.4_Eclipse\libs\gcc\libapp_start.a(stdlib_func.o)
                0x102ce4ec                Ql_strcmp

.text.Ql_strncmp
                0x102ce554       0x70
 .text.Ql_strncmp
                0x102ce554       0x70 C:\Users\Admin\Documents\Quectel\M66_OpenCPU_GS3_SDK_V2.4_Eclipse\libs\gcc\libapp_start.a(stdlib_func.o)
                0x102ce554                Ql_strncmp

.text.Ql_memset
                0x102ce5c4       0x88
 .text.Ql_memset
                0x102ce5c4       0x88 C:\Users\Admin\Documents\Quectel\M66_OpenCPU_GS3_SDK_V2.4_Eclipse\libs\gcc\libapp_start.a(stdlib_func.o)
                0x102ce5c4                Ql_memset

.text.Ql_memcpy
                0x102ce64c       0x88
 .text.Ql_memcpy
                0x102ce64c       0x88 C:\Users\Admin\Documents\Quectel\M66_OpenCPU_GS3_SDK_V2.4_Eclipse\libs\gcc\libapp_start.a(stdlib_func.o)
                0x102ce64c                Ql_memcpy

.text.Ql_strstr
                0x102ce6d4       0x80
 .text.Ql_strstr
                0x102ce6d4       0x80 C:\Users\Admin\Documents\Quectel\M66_OpenCPU_GS3_SDK_V2.4_Eclipse\libs\gcc\libapp_start.a(stdlib_func.o)
                0x102ce6d4                Ql_strstr

.text.Ql_toupper
                0x102ce754        0x8
 .text.Ql_toupper
                0x102ce754        0x8 C:\Users\Admin\Documents\Quectel\M66_OpenCPU_GS3_SDK_V2.4_Eclipse\libs\gcc\libapp_start.a(stdlib_func.o)
                0x102ce754                Ql_toupper

.text.Ql_atoi   0x102ce75c       0x84
 .text.Ql_atoi  0x102ce75c       0x84 C:\Users\Admin\Documents\Quectel\M66_OpenCPU_GS3_SDK_V2.4_Eclipse\libs\gcc\libapp_start.a(stdlib_func.o)
                0x102ce75c                Ql_atoi

.text.Ql_Sleep  0x102ce7e0       0x74
 .text.Ql_Sleep
                0x102ce7e0       0x74 C:\Users\Admin\Documents\Quectel\M66_OpenCPU_GS3_SDK_V2.4_Eclipse\libs\gcc\libapp_start.a(system.o)
                0x102ce7e0                Ql_Sleep

.text.Ql_GetSDKVer
                0x102ce854       0x64
 .text.Ql_GetSDKVer
                0x102ce854       0x64 C:\Users\Admin\Documents\Quectel\M66_OpenCPU_GS3_SDK_V2.4_Eclipse\libs\gcc\libapp_start.a(system.o)
                0x102ce854                Ql_GetSDKVer

.text.Ql_OS_GetMessage
                0x102ce8b8       0x60
 .text.Ql_OS_GetMessage
                0x102ce8b8       0x60 C:\Users\Admin\Documents\Quectel\M66_OpenCPU_GS3_SDK_V2.4_Eclipse\libs\gcc\libapp_start.a(taskMngt.o)
                0x102ce8b8                Ql_OS_GetMessage

.text.Ql_OS_SendMessage
                0x102ce918       0x78
 .text.Ql_OS_SendMessage
                0x102ce918       0x78 C:\Users\Admin\Documents\Quectel\M66_OpenCPU_GS3_SDK_V2.4_Eclipse\libs\gcc\libapp_start.a(taskMngt.o)
                0x102ce918                Ql_OS_SendMessage

.text.Ql_OS_CreateMutex
                0x102ce990       0x54
 .text.Ql_OS_CreateMutex
                0x102ce990       0x54 C:\Users\Admin\Documents\Quectel\M66_OpenCPU_GS3_SDK_V2.4_Eclipse\libs\gcc\libapp_start.a(taskMngt.o)
                0x102ce990                Ql_OS_CreateMutex

.text.Ql_OS_TakeMutex
                0x102ce9e4       0x54
 .text.Ql_OS_TakeMutex
                0x102ce9e4       0x54 C:\Users\Admin\Documents\Quectel\M66_OpenCPU_GS3_SDK_V2.4_Eclipse\libs\gcc\libapp_start.a(taskMngt.o)
                0x102ce9e4                Ql_OS_TakeMutex

.text.Ql_OS_GiveMutex
                0x102cea38       0x54
 .text.Ql_OS_GiveMutex
                0x102cea38       0x54 C:\Users\Admin\Documents\Quectel\M66_OpenCPU_GS3_SDK_V2.4_Eclipse\libs\gcc\libapp_start.a(taskMngt.o)
                0x102cea38                Ql_OS_GiveMutex

.text.Ql_OS_CreateEvent
                0x102cea8c       0x54
 .text.Ql_OS_CreateEvent
                0x102cea8c       0x54 C:\Users\Admin\Documents\Quectel\M66_OpenCPU_GS3_SDK_V2.4_Eclipse\libs\gcc\libapp_start.a(taskMngt.o)
                0x102cea8c                Ql_OS_CreateEvent

.text.Ql_OS_WaitEvent
                0x102ceae0       0x68
 .text.Ql_OS_WaitEvent
                0x102ceae0       0x68 C:\Users\Admin\Documents\Quectel\M66_OpenCPU_GS3_SDK_V2.4_Eclipse\libs\gcc\libapp_start.a(taskMngt.o)
                0x102ceae0                Ql_OS_WaitEvent

.text.Ql_OS_SetEvent
                0x102ceb48       0x68
 .text.Ql_OS_SetEvent
                0x102ceb48       0x68 C:\Users\Admin\Documents\Quectel\M66_OpenCPU_GS3_SDK_V2.4_Eclipse\libs\gcc\libapp_start.a(taskMngt.o)
                0x102ceb48                Ql_OS_SetEvent

.text.Ql_Timer_Register
                0x102cebb0       0x70
 .text.Ql_Timer_Register
                0x102cebb0       0x70 C:\Users\Admin\Documents\Quectel\M66_OpenCPU_GS3_SDK_V2.4_Eclipse\libs\gcc\libapp_start.a(timer.o)
                0x102cebb0                Ql_Timer_Register

.text.Ql_Timer_Start
                0x102cec20       0x70
 .text.Ql_Timer_Start
                0x102cec20       0x70 C:\Users\Admin\Documents\Quectel\M66_OpenCPU_GS3_SDK_V2.4_Eclipse\libs\gcc\libapp_start.a(timer.o)
                0x102cec20                Ql_Timer_Start

.text.Ql_Timer_Stop
                0x102cec90       0x60
 .text.Ql_Timer_Stop
                0x102cec90       0x60 C:\Users\Admin\Documents\Quectel\M66_OpenCPU_GS3_SDK_V2.4_Eclipse\libs\gcc\libapp_start.a(timer.o)
                0x102cec90                Ql_Timer_Stop

.text.Ql_UART_Register
                0x102cecf0       0x70
 .text.Ql_UART_Register
                0x102cecf0       0x70 C:\Users\Admin\Documents\Quectel\M66_OpenCPU_GS3_SDK_V2.4_Eclipse\libs\gcc\libapp_start.a(uart.o)
                0x102cecf0                Ql_UART_Register

.text.Ql_UART_Open
                0x102ced60       0x70
 .text.Ql_UART_Open
                0x102ced60       0x70 C:\Users\Admin\Documents\Quectel\M66_OpenCPU_GS3_SDK_V2.4_Eclipse\libs\gcc\libapp_start.a(uart.o)
                0x102ced60                Ql_UART_Open

.text.Ql_UART_Write
                0x102cedd0       0x70
 .text.Ql_UART_Write
                0x102cedd0       0x70 C:\Users\Admin\Documents\Quectel\M66_OpenCPU_GS3_SDK_V2.4_Eclipse\libs\gcc\libapp_start.a(uart.o)
                0x102cedd0                Ql_UART_Write

.text.Ql_UART_Read
                0x102cee40       0x70
 .text.Ql_UART_Read
                0x102cee40       0x70 C:\Users\Admin\Documents\Quectel\M66_OpenCPU_GS3_SDK_V2.4_Eclipse\libs\gcc\libapp_start.a(uart.o)
                0x102cee40                Ql_UART_Read

.text.Ql_UART_GetPinStatus
                0x102ceeb0       0x68
 .text.Ql_UART_GetPinStatus
                0x102ceeb0       0x68 C:\Users\Admin\Documents\Quectel\M66_OpenCPU_GS3_SDK_V2.4_Eclipse\libs\gcc\libapp_start.a(uart.o)
                0x102ceeb0                Ql_UART_GetPinStatus

.text.Ql_UART_SendEscap
                0x102cef18       0x60
 .text.Ql_UART_SendEscap
                0x102cef18       0x60 C:\Users\Admin\Documents\Quectel\M66_OpenCPU_GS3_SDK_V2.4_Eclipse\libs\gcc\libapp_start.a(uart.o)
                0x102cef18                Ql_UART_SendEscap

.rodata         0x102cef78      0xb09
 *(.rodata)
 .rodata        0x102cef78      0x11c ./ril/src/ril_bluetooth.o
 .rodata        0x102cf094       0x1c ./ril/src/ril_dtmf.o
 .rodata        0x102cf0b0       0x10 ./ril/src/ril_location.o
 .rodata        0x102cf0c0        0xc ./ril/src/ril_ntp.o
 .rodata        0x102cf0cc       0x48 ./ril/src/ril_sim.o
 .rodata        0x102cf114      0x888 ./ril/src/ril_urc.o
 .rodata        0x102cf99c       0x5c ./custom/config/custom_sys_cfg.o
                0x102cf9a0                SystemCfg
 .rodata        0x102cf9f8       0x54 ./custom/config/sys_config.o
                0x102cf9f8                GpioConfigTbl
                0x102cf9fc                TaskConfig
 .rodata        0x102cfa4c       0x16 C:\Users\Admin\Documents\Quectel\M66_OpenCPU_GS3_SDK_V2.4_Eclipse\libs\gcc\libapp_start.a(ql_main.o)
 .rodata        0x102cfa62        0x4 C:\Users\Admin\Documents\Quectel\M66_OpenCPU_GS3_SDK_V2.4_Eclipse\libs\gcc\libapp_start.a(ril_main.o)
 .rodata        0x102cfa66       0x1b C:\Users\Admin\Documents\Quectel\M66_OpenCPU_GS3_SDK_V2.4_Eclipse\libs\gcc\libapp_start.a(system.o)

.rodata.str1.4  0x102cfa84      0xba0
 .rodata.str1.4
                0x102cfa84       0x34 ./ril/src/ril_atResponse.o
 .rodata.str1.4
                0x102cfab8      0x51c ./ril/src/ril_bluetooth.o
                                0x544 (size before relaxing)
 .rodata.str1.4
                0x102cffd4       0xc3 ./ril/src/ril_dtmf.o
                                 0xdc (size before relaxing)
 *fill*         0x102d0097        0x1 
 .rodata.str1.4
                0x102d0098       0x57 ./ril/src/ril_init.o
                                 0x58 (size before relaxing)
 *fill*         0x102d00ef        0x1 
 .rodata.str1.4
                0x102d00f0       0x92 ./ril/src/ril_location.o
                                 0xdc (size before relaxing)
 *fill*         0x102d0182        0x2 
 .rodata.str1.4
                0x102d0184       0x12 ./ril/src/ril_ntp.o
                                 0x14 (size before relaxing)
 *fill*         0x102d0196        0x2 
 .rodata.str1.4
                0x102d0198       0xa4 ./ril/src/ril_sim.o
                                 0xc8 (size before relaxing)
 .rodata.str1.4
                0x102d023c      0x18c ./ril/src/ril_urc.o
                                0x194 (size before relaxing)
 .rodata.str1.4
                0x102d03c8       0x1d ./ril/src/ril_util.o
                                 0x20 (size before relaxing)
 *fill*         0x102d03e5        0x3 
 .rodata.str1.4
                0x102d03e8      0x212 ./custom/App/Bluetooth_Configuration/BT_Configuration.o
                                0x224 (size before relaxing)
 *fill*         0x102d05fa        0x2 
 .rodata.str1.4
                0x102d05fc       0x28 ./custom/main.o

.rodata.str1.1  0x102d0624      0x4f0
 .rodata.str1.1
                0x102d0624       0x9a C:\Users\Admin\Documents\Quectel\M66_OpenCPU_GS3_SDK_V2.4_Eclipse\libs\gcc\libapp_start.a(gpio.o)
 .rodata.str1.1
                0x102d06be       0x19 C:\Users\Admin\Documents\Quectel\M66_OpenCPU_GS3_SDK_V2.4_Eclipse\libs\gcc\libapp_start.a(memory.o)
 .rodata.str1.1
                0x102d06d7       0x56 C:\Users\Admin\Documents\Quectel\M66_OpenCPU_GS3_SDK_V2.4_Eclipse\libs\gcc\libapp_start.a(ql_main.o)
 .rodata.str1.1
                0x102d072d       0x1e C:\Users\Admin\Documents\Quectel\M66_OpenCPU_GS3_SDK_V2.4_Eclipse\libs\gcc\libapp_start.a(ril_main.o)
                                 0x25 (size before relaxing)
 .rodata.str1.1
                0x102d074b       0xe8 C:\Users\Admin\Documents\Quectel\M66_OpenCPU_GS3_SDK_V2.4_Eclipse\libs\gcc\libapp_start.a(stdlib_func.o)
 .rodata.str1.1
                0x102d0833       0x3d C:\Users\Admin\Documents\Quectel\M66_OpenCPU_GS3_SDK_V2.4_Eclipse\libs\gcc\libapp_start.a(system.o)
 .rodata.str1.1
                0x102d0870      0x157 C:\Users\Admin\Documents\Quectel\M66_OpenCPU_GS3_SDK_V2.4_Eclipse\libs\gcc\libapp_start.a(taskMngt.o)
 .rodata.str1.1
                0x102d09c7       0x45 C:\Users\Admin\Documents\Quectel\M66_OpenCPU_GS3_SDK_V2.4_Eclipse\libs\gcc\libapp_start.a(timer.o)
 .rodata.str1.1
                0x102d0a0c      0x108 C:\Users\Admin\Documents\Quectel\M66_OpenCPU_GS3_SDK_V2.4_Eclipse\libs\gcc\libapp_start.a(uart.o)

.rel.dyn        0x102d0b14        0x0
 .rel.iplt      0x00000000        0x0 ./ril/src/ril_alarm.o

.data           0xf03d2000       0x50 load address 0x102d0b18
                0x102d0b18                PROVIDE (__data_load, LOADADDR (.data))
                0xf03d2000                PROVIDE (__data_start, .)
 *(.data)
 .data          0xf03d2000        0x1 ./ril/src/ril_bluetooth.o
 *fill*         0xf03d2001        0x3 
 .data          0xf03d2004       0x20 ./ril/src/ril_init.o
                0xf03d2004                g_LimitedCmds
                0xf03d200c                g_InitCmds
 .data          0xf03d2024       0x18 C:\Users\Admin\Documents\Quectel\M66_OpenCPU_GS3_SDK_V2.4_Eclipse\libs\gcc\libapp_start.a(ql_func.o)
                0xf03d2024                api_notsup
 .data          0xf03d203c        0x4 C:\Users\Admin\Documents\Quectel\M66_OpenCPU_GS3_SDK_V2.4_Eclipse\libs\gcc\libapp_start.a(ril_aux.o)
                0xf03d203c                g_ril_auxTaskId
 .data          0xf03d2040       0x10 C:\Users\Admin\Documents\Quectel\M66_OpenCPU_GS3_SDK_V2.4_Eclipse\libs\gcc\libapp_start.a(ril_main.o)
                0xf03d2050                . = ALIGN (0x8)
                0xf03d2050                PROVIDE (_edata, .)

.igot.plt       0xf03d2050        0x0 load address 0x102d0b68
 .igot.plt      0x00000000        0x0 ./ril/src/ril_alarm.o

.bss            0xf03d2050     0x202c load address 0x102d0b68
                0xf03d2050                PROVIDE (__bss_start__, .)
 *(.bss)
 .bss           0xf03d2050        0x4 ./ril/src/ril_atResponse.o
 .bss           0xf03d2054        0x4 ./ril/src/ril_audio.o
                0xf03d2054                cb_aud_play
 .bss           0xf03d2058       0x98 ./ril/src/ril_bluetooth.o
 .bss           0xf03d20f0        0x4 ./ril/src/ril_custom.o
                0xf03d20f0                cb_rcvCoreData
 .bss           0xf03d20f4       0x10 ./ril/src/ril_dtmf.o
 .bss           0xf03d2104       0x18 ./ril/src/ril_http.o
                0xf03d2108                http_url_addr
                0xf03d210c                http_url_addr_len
                0xf03d2110                http_post_msg
                0xf03d2114                http_post_msg_len
                0xf03d2118                callback_http_dwnld
 .bss           0xf03d211c        0x4 ./ril/src/ril_location.o
 .bss           0xf03d2120        0x4 ./ril/src/ril_ntp.o
 .bss           0xf03d2124        0x8 ./ril/src/ril_urc.o
                0xf03d2124                FtpGet_IND_CB
                0xf03d2128                FtpPut_IND_CB
 .bss           0xf03d212c      0x800 ./custom/App/Bluetooth_Configuration/BT_Configuration.o
 .bss           0xf03d292c      0x800 ./custom/main.o
 .bss           0xf03d312c       0x20 C:\Users\Admin\Documents\Quectel\M66_OpenCPU_GS3_SDK_V2.4_Eclipse\libs\gcc\libapp_start.a(gpio.o)
                0xf03d312c                m_GPIO_Init
                0xf03d3130                m_GPIO_SetLevel
                0xf03d3134                m_GPIO_GetLevel
                0xf03d3138                m_GPIO_SetDirection
                0xf03d313c                m_GPIO_GetDirection
                0xf03d3140                m_GPIO_SetPullSelection
                0xf03d3144                m_GPIO_GetPullSelection
                0xf03d3148                m_GPIO_Uninit
 .bss           0xf03d314c        0x8 C:\Users\Admin\Documents\Quectel\M66_OpenCPU_GS3_SDK_V2.4_Eclipse\libs\gcc\libapp_start.a(memory.o)
 .bss           0xf03d3154       0x24 C:\Users\Admin\Documents\Quectel\M66_OpenCPU_GS3_SDK_V2.4_Eclipse\libs\gcc\libapp_start.a(ql_func.o)
                0xf03d3154                m_StartPlayAudioStream
                0xf03d3158                m_get_api_ptr
                0xf03d315c                m_StopPlayAudioStream
                0xf03d3160                m_GetRelativeTime_Counter
                0xf03d3164                m_SecondToTicks
                0xf03d3168                m_MillisecondToTicks
                0xf03d316c                m_CalendarTime2LocalTime
                0xf03d3170                m_osChangeTaskPriority
                0xf03d3174                m_create_api_hash
 .bss           0xf03d3178       0x10 C:\Users\Admin\Documents\Quectel\M66_OpenCPU_GS3_SDK_V2.4_Eclipse\libs\gcc\libapp_start.a(ql_main.o)
                0xf03d317c                runinfo
 .bss           0xf03d3188        0x1 C:\Users\Admin\Documents\Quectel\M66_OpenCPU_GS3_SDK_V2.4_Eclipse\libs\gcc\libapp_start.a(ril_aux.o)
                0xf03d3188                g_ril_auxTaskReady
 *fill*         0xf03d3189        0x3 
 .bss           0xf03d318c      0xc34 C:\Users\Admin\Documents\Quectel\M66_OpenCPU_GS3_SDK_V2.4_Eclipse\libs\gcc\libapp_start.a(ril_main.o)
 .bss           0xf03d3dc0       0x5c C:\Users\Admin\Documents\Quectel\M66_OpenCPU_GS3_SDK_V2.4_Eclipse\libs\gcc\libapp_start.a(stdlib_func.o)
 .bss           0xf03d3e1c       0x14 C:\Users\Admin\Documents\Quectel\M66_OpenCPU_GS3_SDK_V2.4_Eclipse\libs\gcc\libapp_start.a(system.o)
 .bss           0xf03d3e30       0x44 C:\Users\Admin\Documents\Quectel\M66_OpenCPU_GS3_SDK_V2.4_Eclipse\libs\gcc\libapp_start.a(taskMngt.o)
 .bss           0xf03d3e74       0x10 C:\Users\Admin\Documents\Quectel\M66_OpenCPU_GS3_SDK_V2.4_Eclipse\libs\gcc\libapp_start.a(timer.o)
 .bss           0xf03d3e84       0x3c C:\Users\Admin\Documents\Quectel\M66_OpenCPU_GS3_SDK_V2.4_Eclipse\libs\gcc\libapp_start.a(uart.o)
                0xf03d3ec0                . = ALIGN (0x8)
                0xf03d3ec0                PROVIDE (__bss_end__, .)
 COMMON         0xf03d3ec0      0x124 ./ril/src/ril_telephony.o
                0xf03d3ec0                g_comingCall
 COMMON         0xf03d3fe4       0x88 ./custom/App/Bluetooth_Configuration/BT_Configuration.o
                0xf03d3fe4                g_pair_search
                0xf03d3fe8                pinCode
                0xf03d3ff0                Bluetooth
                0xf03d4004                BTSppDev1
                0xf03d4040                g_dev_info
                0xf03d4044                pSppRecHdl
 COMMON         0xf03d406c       0x10 C:\Users\Admin\Documents\Quectel\M66_OpenCPU_GS3_SDK_V2.4_Eclipse\libs\gcc\libapp_start.a(ql_main.o)
                0xf03d406c                Ql_snprintf
                0xf03d4070                Ql_sprintf
                0xf03d4074                Ql_Debug_Trace
                0xf03d4078                Ql_sscanf
OUTPUT(APPGS3MDM32A01.elf elf32-littlearm)

.comment        0x00000000       0x30
 .comment       0x00000000       0x30 ./ril/src/ril_atResponse.o
                                 0x31 (size before relaxing)
 .comment       0x00000000       0x31 ./ril/src/ril_audio.o
 .comment       0x00000000       0x31 ./ril/src/ril_bluetooth.o
 .comment       0x00000000       0x31 ./ril/src/ril_custom.o
 .comment       0x00000000       0x31 ./ril/src/ril_dtmf.o
 .comment       0x00000000       0x31 ./ril/src/ril_http.o
 .comment       0x00000000       0x31 ./ril/src/ril_init.o
 .comment       0x00000000       0x31 ./ril/src/ril_location.o
 .comment       0x00000000       0x31 ./ril/src/ril_ntp.o
 .comment       0x00000000       0x31 ./ril/src/ril_sim.o
 .comment       0x00000000       0x31 ./ril/src/ril_telephony.o
 .comment       0x00000000       0x31 ./ril/src/ril_urc.o
 .comment       0x00000000       0x31 ./ril/src/ril_util.o
 .comment       0x00000000       0x31 ./custom/config/custom_sys_cfg.o
 .comment       0x00000000       0x31 ./custom/config/sys_config.o
 .comment       0x00000000       0x31 ./custom/App/Relay_Control/RelayControl.o
 .comment       0x00000000       0x31 ./custom/App/RGB-Control/RGB.o
 .comment       0x00000000       0x31 ./custom/App/Bluetooth_Configuration/BT_Configuration.o
 .comment       0x00000000       0x31 ./custom/main.o
 .comment       0x00000000       0x31 C:\Users\Admin\Documents\Quectel\M66_OpenCPU_GS3_SDK_V2.4_Eclipse\libs\gcc\libapp_start.a(gpio.o)
 .comment       0x00000000       0x31 C:\Users\Admin\Documents\Quectel\M66_OpenCPU_GS3_SDK_V2.4_Eclipse\libs\gcc\libapp_start.a(memory.o)
 .comment       0x00000000       0x31 C:\Users\Admin\Documents\Quectel\M66_OpenCPU_GS3_SDK_V2.4_Eclipse\libs\gcc\libapp_start.a(ql_func.o)
 .comment       0x00000000       0x31 C:\Users\Admin\Documents\Quectel\M66_OpenCPU_GS3_SDK_V2.4_Eclipse\libs\gcc\libapp_start.a(ql_main.o)
 .comment       0x00000000       0x31 C:\Users\Admin\Documents\Quectel\M66_OpenCPU_GS3_SDK_V2.4_Eclipse\libs\gcc\libapp_start.a(ril_aux.o)
 .comment       0x00000000       0x31 C:\Users\Admin\Documents\Quectel\M66_OpenCPU_GS3_SDK_V2.4_Eclipse\libs\gcc\libapp_start.a(ril_main.o)
 .comment       0x00000000       0x31 C:\Users\Admin\Documents\Quectel\M66_OpenCPU_GS3_SDK_V2.4_Eclipse\libs\gcc\libapp_start.a(stdlib_func.o)
 .comment       0x00000000       0x31 C:\Users\Admin\Documents\Quectel\M66_OpenCPU_GS3_SDK_V2.4_Eclipse\libs\gcc\libapp_start.a(system.o)
 .comment       0x00000000       0x31 C:\Users\Admin\Documents\Quectel\M66_OpenCPU_GS3_SDK_V2.4_Eclipse\libs\gcc\libapp_start.a(taskMngt.o)
 .comment       0x00000000       0x31 C:\Users\Admin\Documents\Quectel\M66_OpenCPU_GS3_SDK_V2.4_Eclipse\libs\gcc\libapp_start.a(timer.o)
 .comment       0x00000000       0x31 C:\Users\Admin\Documents\Quectel\M66_OpenCPU_GS3_SDK_V2.4_Eclipse\libs\gcc\libapp_start.a(uart.o)

.ARM.attributes
                0x00000000       0x2b
 .ARM.attributes
                0x00000000       0x2b ./ril/src/ril_atResponse.o
 .ARM.attributes
                0x0000002b       0x2b ./ril/src/ril_audio.o
 .ARM.attributes
                0x00000056       0x2b ./ril/src/ril_bluetooth.o
 .ARM.attributes
                0x00000081       0x2b ./ril/src/ril_custom.o
 .ARM.attributes
                0x000000ac       0x2b ./ril/src/ril_dtmf.o
 .ARM.attributes
                0x000000d7       0x2b ./ril/src/ril_http.o
 .ARM.attributes
                0x00000102       0x2b ./ril/src/ril_init.o
 .ARM.attributes
                0x0000012d       0x2b ./ril/src/ril_location.o
 .ARM.attributes
                0x00000158       0x2b ./ril/src/ril_ntp.o
 .ARM.attributes
                0x00000183       0x2b ./ril/src/ril_sim.o
 .ARM.attributes
                0x000001ae       0x2b ./ril/src/ril_telephony.o
 .ARM.attributes
                0x000001d9       0x2b ./ril/src/ril_urc.o
 .ARM.attributes
                0x00000204       0x2b ./ril/src/ril_util.o
 .ARM.attributes
                0x0000022f       0x2b ./custom/config/custom_sys_cfg.o
 .ARM.attributes
                0x0000025a       0x2b ./custom/config/sys_config.o
 .ARM.attributes
                0x00000285       0x2b ./custom/App/Relay_Control/RelayControl.o
 .ARM.attributes
                0x000002b0       0x2b ./custom/App/RGB-Control/RGB.o
 .ARM.attributes
                0x000002db       0x2b ./custom/App/Bluetooth_Configuration/BT_Configuration.o
 .ARM.attributes
                0x00000306       0x2b ./custom/main.o
 .ARM.attributes
                0x00000331       0x2b C:\Users\Admin\Documents\Quectel\M66_OpenCPU_GS3_SDK_V2.4_Eclipse\libs\gcc\libapp_start.a(gpio.o)
 .ARM.attributes
                0x0000035c       0x2b C:\Users\Admin\Documents\Quectel\M66_OpenCPU_GS3_SDK_V2.4_Eclipse\libs\gcc\libapp_start.a(memory.o)
 .ARM.attributes
                0x00000387       0x2b C:\Users\Admin\Documents\Quectel\M66_OpenCPU_GS3_SDK_V2.4_Eclipse\libs\gcc\libapp_start.a(ql_func.o)
 .ARM.attributes
                0x000003b2       0x2b C:\Users\Admin\Documents\Quectel\M66_OpenCPU_GS3_SDK_V2.4_Eclipse\libs\gcc\libapp_start.a(ql_main.o)
 .ARM.attributes
                0x000003dd       0x2b C:\Users\Admin\Documents\Quectel\M66_OpenCPU_GS3_SDK_V2.4_Eclipse\libs\gcc\libapp_start.a(ril_aux.o)
 .ARM.attributes
                0x00000408       0x2b C:\Users\Admin\Documents\Quectel\M66_OpenCPU_GS3_SDK_V2.4_Eclipse\libs\gcc\libapp_start.a(ril_main.o)
 .ARM.attributes
                0x00000433       0x2b C:\Users\Admin\Documents\Quectel\M66_OpenCPU_GS3_SDK_V2.4_Eclipse\libs\gcc\libapp_start.a(stdlib_func.o)
 .ARM.attributes
                0x0000045e       0x2b C:\Users\Admin\Documents\Quectel\M66_OpenCPU_GS3_SDK_V2.4_Eclipse\libs\gcc\libapp_start.a(system.o)
 .ARM.attributes
                0x00000489       0x2b C:\Users\Admin\Documents\Quectel\M66_OpenCPU_GS3_SDK_V2.4_Eclipse\libs\gcc\libapp_start.a(taskMngt.o)
 .ARM.attributes
                0x000004b4       0x2b C:\Users\Admin\Documents\Quectel\M66_OpenCPU_GS3_SDK_V2.4_Eclipse\libs\gcc\libapp_start.a(timer.o)
 .ARM.attributes
                0x000004df       0x2b C:\Users\Admin\Documents\Quectel\M66_OpenCPU_GS3_SDK_V2.4_Eclipse\libs\gcc\libapp_start.a(uart.o)
 .ARM.attributes
                0x0000050a       0x1d C:\Users\Admin\Documents\Quectel\M66_OpenCPU_GS3_SDK_V2.4_Eclipse\libs\gcc\libapp_start.a(ocpu_init.o)
 .ARM.attributes
                0x00000527       0x30 C:\Users\Admin\CodeSourcery\Sourcery_CodeBench_Lite_for_ARM_EABI\arm-none-eabi\lib\thumb\libc.a(lib_a-memcpy.o)
 .ARM.attributes
                0x00000557       0x30 C:\Users\Admin\CodeSourcery\Sourcery_CodeBench_Lite_for_ARM_EABI\arm-none-eabi\lib\thumb\libc.a(lib_a-memset.o)
 .ARM.attributes
                0x00000587       0x18 C:\Users\Admin\CodeSourcery\Sourcery_CodeBench_Lite_for_ARM_EABI\lib\gcc\arm-none-eabi\4.7.2\thumb\libgcc.a(_arm_fixdfsi.o)
 .ARM.attributes
                0x0000059f       0x18 C:\Users\Admin\CodeSourcery\Sourcery_CodeBench_Lite_for_ARM_EABI\lib\gcc\arm-none-eabi\4.7.2\thumb\libgcc.a(_arm_truncdfsf2.o)

.debug_frame    0x00000000       0x64
 .debug_frame   0x00000000       0x38 C:\Users\Admin\CodeSourcery\Sourcery_CodeBench_Lite_for_ARM_EABI\arm-none-eabi\lib\thumb\libc.a(lib_a-memcpy.o)
 .debug_frame   0x00000038       0x2c C:\Users\Admin\CodeSourcery\Sourcery_CodeBench_Lite_for_ARM_EABI\arm-none-eabi\lib\thumb\libc.a(lib_a-memset.o)
